Mar  5 15:16:34 ip-10-1-33-84 kernel: Linux version 4.14.219-161.340.amzn2.x86_64 (mockbuild@ip-10-0-1-103) (gcc version 7.3.1 20180712 (Red Hat 7.3.1-12) (GCC)) #1 SMP Thu Feb 4 05:54:19 UTC 2021
Mar  5 15:16:34 ip-10-1-33-84 kernel: Command line: BOOT_IMAGE=/boot/vmlinuz-4.14.219-161.340.amzn2.x86_64 root=UUID=bc07e2f4-d5ff-494b-adf1-6f6da7608cd6 ro console=tty0 console=ttyS0,115200n8 net.ifnames=0 biosdevname=0 nvme_core.io_timeout=4294967295 rd.emergency=poweroff rd.shell=0
Mar  5 15:16:34 ip-10-1-33-84 kernel: x86/fpu: Supporting XSAVE feature 0x001: 'x87 floating point registers'
Mar  5 15:16:34 ip-10-1-33-84 kernel: x86/fpu: Supporting XSAVE feature 0x002: 'SSE registers'
Mar  5 15:16:34 ip-10-1-33-84 kernel: x86/fpu: Supporting XSAVE feature 0x004: 'AVX registers'
Mar  5 15:16:34 ip-10-1-33-84 kernel: x86/fpu: Supporting XSAVE feature 0x008: 'MPX bounds registers'
Mar  5 15:16:34 ip-10-1-33-84 kernel: x86/fpu: Supporting XSAVE feature 0x010: 'MPX CSR'
Mar  5 15:16:34 ip-10-1-33-84 kernel: x86/fpu: Supporting XSAVE feature 0x020: 'AVX-512 opmask'
Mar  5 15:16:34 ip-10-1-33-84 kernel: x86/fpu: Supporting XSAVE feature 0x040: 'AVX-512 Hi256'
Mar  5 15:16:34 ip-10-1-33-84 kernel: x86/fpu: Supporting XSAVE feature 0x080: 'AVX-512 ZMM_Hi256'
Mar  5 15:16:34 ip-10-1-33-84 kernel: x86/fpu: Supporting XSAVE feature 0x200: 'Protection Keys User registers'
Mar  5 15:16:34 ip-10-1-33-84 kernel: x86/fpu: xstate_offset[2]:  576, xstate_sizes[2]:  256
Mar  5 15:16:34 ip-10-1-33-84 kernel: x86/fpu: xstate_offset[3]:  832, xstate_sizes[3]:   64
Mar  5 15:16:34 ip-10-1-33-84 kernel: x86/fpu: xstate_offset[4]:  896, xstate_sizes[4]:   64
Mar  5 15:16:34 ip-10-1-33-84 kernel: x86/fpu: xstate_offset[5]:  960, xstate_sizes[5]:   64
Mar  5 15:16:34 ip-10-1-33-84 kernel: x86/fpu: xstate_offset[6]: 1024, xstate_sizes[6]:  512
Mar  5 15:16:34 ip-10-1-33-84 kernel: x86/fpu: xstate_offset[7]: 1536, xstate_sizes[7]: 1024
Mar  5 15:16:34 ip-10-1-33-84 kernel: x86/fpu: xstate_offset[9]: 2560, xstate_sizes[9]:    8
Mar  5 15:16:34 ip-10-1-33-84 kernel: x86/fpu: Enabled xstate features 0x2ff, context size is 2568 bytes, using 'compacted' format.
Mar  5 15:16:34 ip-10-1-33-84 kernel: e820: BIOS-provided physical RAM map:
Mar  5 15:16:34 ip-10-1-33-84 kernel: BIOS-e820: [mem 0x0000000000000000-0x000000000009fbff] usable
Mar  5 15:16:34 ip-10-1-33-84 kernel: BIOS-e820: [mem 0x000000000009fc00-0x000000000009ffff] reserved
Mar  5 15:16:34 ip-10-1-33-84 kernel: BIOS-e820: [mem 0x00000000000f0000-0x00000000000fffff] reserved
Mar  5 15:16:34 ip-10-1-33-84 kernel: BIOS-e820: [mem 0x0000000000100000-0x00000000bfff9fff] usable
Mar  5 15:16:34 ip-10-1-33-84 kernel: BIOS-e820: [mem 0x00000000bfffa000-0x00000000bfffffff] reserved
Mar  5 15:16:34 ip-10-1-33-84 kernel: BIOS-e820: [mem 0x00000000e0000000-0x00000000e03fffff] reserved
Mar  5 15:16:34 ip-10-1-33-84 kernel: BIOS-e820: [mem 0x00000000fffc0000-0x00000000ffffffff] reserved
Mar  5 15:16:34 ip-10-1-33-84 kernel: BIOS-e820: [mem 0x0000000100000000-0x00000001329fffff] usable
Mar  5 15:16:34 ip-10-1-33-84 kernel: BIOS-e820: [mem 0x0000000132a00000-0x000000013fffffff] reserved
Mar  5 15:16:34 ip-10-1-33-84 kernel: NX (Execute Disable) protection: active
Mar  5 15:16:34 ip-10-1-33-84 kernel: SMBIOS 2.7 present.
Mar  5 15:16:34 ip-10-1-33-84 kernel: DMI: Amazon EC2 c5.large/, BIOS 1.0 10/16/2017
Mar  5 15:16:34 ip-10-1-33-84 kernel: Hypervisor detected: KVM
Mar  5 15:16:34 ip-10-1-33-84 kernel: tsc: Fast TSC calibration using PIT
Mar  5 15:16:34 ip-10-1-33-84 kernel: e820: last_pfn = 0x132a00 max_arch_pfn = 0x400000000
Mar  5 15:16:34 ip-10-1-33-84 kernel: x86/PAT: Configuration [0-7]: WB  WC  UC- UC  WB  WP  UC- WT  
Mar  5 15:16:34 ip-10-1-33-84 kernel: e820: last_pfn = 0xbfffa max_arch_pfn = 0x400000000
Mar  5 15:16:34 ip-10-1-33-84 kernel: Scanning 1 areas for low memory corruption
Mar  5 15:16:34 ip-10-1-33-84 kernel: Using GB pages for direct mapping
Mar  5 15:16:34 ip-10-1-33-84 kernel: RAMDISK: [mem 0x3607f000-0x37037fff]
Mar  5 15:16:34 ip-10-1-33-84 kernel: ACPI: Early table checksum verification disabled
Mar  5 15:16:34 ip-10-1-33-84 kernel: ACPI: RSDP 0x00000000000F8F40 000014 (v00 AMAZON)
Mar  5 15:16:34 ip-10-1-33-84 kernel: ACPI: RSDT 0x00000000BFFFE360 00003C (v01 AMAZON AMZNRSDT 00000001 AMZN 00000001)
Mar  5 15:16:34 ip-10-1-33-84 kernel: ACPI: FACP 0x00000000BFFFFF80 000074 (v01 AMAZON AMZNFACP 00000001 AMZN 00000001)
Mar  5 15:16:34 ip-10-1-33-84 kernel: ACPI: DSDT 0x00000000BFFFE3A0 0010E9 (v01 AMAZON AMZNDSDT 00000001 AMZN 00000001)
Mar  5 15:16:34 ip-10-1-33-84 kernel: ACPI: FACS 0x00000000BFFFFF40 000040
Mar  5 15:16:34 ip-10-1-33-84 kernel: ACPI: SSDT 0x00000000BFFFF6C0 00087A (v01 AMAZON AMZNSSDT 00000001 AMZN 00000001)
Mar  5 15:16:34 ip-10-1-33-84 kernel: ACPI: APIC 0x00000000BFFFF5D0 000076 (v01 AMAZON AMZNAPIC 00000001 AMZN 00000001)
Mar  5 15:16:34 ip-10-1-33-84 kernel: ACPI: SRAT 0x00000000BFFFF530 0000A0 (v01 AMAZON AMZNSRAT 00000001 AMZN 00000001)
Mar  5 15:16:34 ip-10-1-33-84 kernel: ACPI: SLIT 0x00000000BFFFF4C0 00006C (v01 AMAZON AMZNSLIT 00000001 AMZN 00000001)
Mar  5 15:16:34 ip-10-1-33-84 kernel: ACPI: WAET 0x00000000BFFFF490 000028 (v01 AMAZON AMZNWAET 00000001 AMZN 00000001)
Mar  5 15:16:34 ip-10-1-33-84 kernel: SRAT: PXM 0 -> APIC 0x00 -> Node 0
Mar  5 15:16:34 ip-10-1-33-84 kernel: SRAT: PXM 0 -> APIC 0x01 -> Node 0
Mar  5 15:16:34 ip-10-1-33-84 kernel: ACPI: SRAT: Node 0 PXM 0 [mem 0x00000000-0xbfffffff]
Mar  5 15:16:34 ip-10-1-33-84 kernel: ACPI: SRAT: Node 0 PXM 0 [mem 0x100000000-0x13fffffff]
Mar  5 15:16:34 ip-10-1-33-84 kernel: NUMA: Node 0 [mem 0x00000000-0xbfffffff] + [mem 0x100000000-0x1329fffff] -> [mem 0x00000000-0x1329fffff]
Mar  5 15:16:34 ip-10-1-33-84 kernel: NODE_DATA(0) allocated [mem 0x1329db000-0x1329fcfff]
Mar  5 15:16:34 ip-10-1-33-84 kernel: kvm-clock: Using msrs 4b564d01 and 4b564d00
Mar  5 15:16:34 ip-10-1-33-84 kernel: kvm-clock: cpu 0, msr 1:3295b001, primary cpu clock
Mar  5 15:16:34 ip-10-1-33-84 kernel: kvm-clock: using sched offset of 3229390036 cycles
Mar  5 15:16:34 ip-10-1-33-84 kernel: clocksource: kvm-clock: mask: 0xffffffffffffffff max_cycles: 0x1cd42e4dffb, max_idle_ns: 881590591483 ns
Mar  5 15:16:34 ip-10-1-33-84 kernel: Zone ranges:
Mar  5 15:16:34 ip-10-1-33-84 kernel:  DMA      [mem 0x0000000000001000-0x0000000000ffffff]
Mar  5 15:16:34 ip-10-1-33-84 kernel:  DMA32    [mem 0x0000000001000000-0x00000000ffffffff]
Mar  5 15:16:34 ip-10-1-33-84 kernel:  Normal   [mem 0x0000000100000000-0x00000001329fffff]
Mar  5 15:16:34 ip-10-1-33-84 kernel: Movable zone start for each node
Mar  5 15:16:34 ip-10-1-33-84 kernel: Early memory node ranges
Mar  5 15:16:34 ip-10-1-33-84 kernel:  node   0: [mem 0x0000000000001000-0x000000000009efff]
Mar  5 15:16:34 ip-10-1-33-84 kernel:  node   0: [mem 0x0000000000100000-0x00000000bfff9fff]
Mar  5 15:16:34 ip-10-1-33-84 kernel:  node   0: [mem 0x0000000100000000-0x00000001329fffff]
Mar  5 15:16:34 ip-10-1-33-84 kernel: Initmem setup node 0 [mem 0x0000000000001000-0x00000001329fffff]
Mar  5 15:16:34 ip-10-1-33-84 kernel: ACPI: PM-Timer IO Port: 0xb008
Mar  5 15:16:34 ip-10-1-33-84 kernel: ACPI: LAPIC_NMI (acpi_id[0xff] dfl dfl lint[0x1])
Mar  5 15:16:34 ip-10-1-33-84 kernel: IOAPIC[0]: apic_id 0, version 17, address 0xfec00000, GSI 0-23
Mar  5 15:16:34 ip-10-1-33-84 kernel: ACPI: INT_SRC_OVR (bus 0 bus_irq 5 global_irq 5 high level)
Mar  5 15:16:34 ip-10-1-33-84 kernel: ACPI: INT_SRC_OVR (bus 0 bus_irq 9 global_irq 9 high level)
Mar  5 15:16:34 ip-10-1-33-84 kernel: ACPI: INT_SRC_OVR (bus 0 bus_irq 10 global_irq 10 high level)
Mar  5 15:16:34 ip-10-1-33-84 kernel: ACPI: INT_SRC_OVR (bus 0 bus_irq 11 global_irq 11 high level)
Mar  5 15:16:34 ip-10-1-33-84 kernel: Using ACPI (MADT) for SMP configuration information
Mar  5 15:16:34 ip-10-1-33-84 kernel: TSC deadline timer available
Mar  5 15:16:34 ip-10-1-33-84 kernel: smpboot: Allowing 2 CPUs, 0 hotplug CPUs
Mar  5 15:16:34 ip-10-1-33-84 kernel: PM: Registered nosave memory: [mem 0x00000000-0x00000fff]
Mar  5 15:16:34 ip-10-1-33-84 kernel: PM: Registered nosave memory: [mem 0x0009f000-0x0009ffff]
Mar  5 15:16:34 ip-10-1-33-84 kernel: PM: Registered nosave memory: [mem 0x000a0000-0x000effff]
Mar  5 15:16:34 ip-10-1-33-84 kernel: PM: Registered nosave memory: [mem 0x000f0000-0x000fffff]
Mar  5 15:16:34 ip-10-1-33-84 kernel: PM: Registered nosave memory: [mem 0xbfffa000-0xbfffffff]
Mar  5 15:16:34 ip-10-1-33-84 kernel: PM: Registered nosave memory: [mem 0xc0000000-0xdfffffff]
Mar  5 15:16:34 ip-10-1-33-84 kernel: PM: Registered nosave memory: [mem 0xe0000000-0xe03fffff]
Mar  5 15:16:34 ip-10-1-33-84 kernel: PM: Registered nosave memory: [mem 0xe0400000-0xfffbffff]
Mar  5 15:16:34 ip-10-1-33-84 kernel: PM: Registered nosave memory: [mem 0xfffc0000-0xffffffff]
Mar  5 15:16:34 ip-10-1-33-84 kernel: e820: [mem 0xc0000000-0xdfffffff] available for PCI devices
Mar  5 15:16:34 ip-10-1-33-84 kernel: Booting paravirtualized kernel on KVM
Mar  5 15:16:34 ip-10-1-33-84 kernel: clocksource: refined-jiffies: mask: 0xffffffff max_cycles: 0xffffffff, max_idle_ns: 7645519600211568 ns
Mar  5 15:16:34 ip-10-1-33-84 kernel: random: get_random_bytes called from start_kernel+0x94/0x4eb with crng_init=0
Mar  5 15:16:34 ip-10-1-33-84 kernel: setup_percpu: NR_CPUS:8192 nr_cpumask_bits:2 nr_cpu_ids:2 nr_node_ids:1
Mar  5 15:16:34 ip-10-1-33-84 kernel: percpu: Embedded 44 pages/cpu s140696 r8192 d31336 u1048576
Mar  5 15:16:34 ip-10-1-33-84 kernel: KVM setup async PF for cpu 0
Mar  5 15:16:34 ip-10-1-33-84 kernel: kvm-stealtime: cpu 0, msr 1326161c0
Mar  5 15:16:34 ip-10-1-33-84 kernel: Built 1 zonelists, mobility grouping on.  Total pages: 978139
Mar  5 15:16:34 ip-10-1-33-84 kernel: Policy zone: Normal
Mar  5 15:16:34 ip-10-1-33-84 kernel: Kernel command line: BOOT_IMAGE=/boot/vmlinuz-4.14.219-161.340.amzn2.x86_64 root=UUID=bc07e2f4-d5ff-494b-adf1-6f6da7608cd6 ro console=tty0 console=ttyS0,115200n8 net.ifnames=0 biosdevname=0 nvme_core.io_timeout=4294967295 rd.emergency=poweroff rd.shell=0
Mar  5 15:16:34 ip-10-1-33-84 kernel: PID hash table entries: 4096 (order: 3, 32768 bytes)
Mar  5 15:16:34 ip-10-1-33-84 kernel: Memory: 3800656K/3974752K available (10252K kernel code, 1963K rwdata, 2800K rodata, 2128K init, 4240K bss, 174096K reserved, 0K cma-reserved)
Mar  5 15:16:34 ip-10-1-33-84 kernel: SLUB: HWalign=64, Order=0-3, MinObjects=0, CPUs=2, Nodes=1
Mar  5 15:16:34 ip-10-1-33-84 kernel: Kernel/User page tables isolation: enabled
Mar  5 15:16:34 ip-10-1-33-84 kernel: ftrace: allocating 26933 entries in 106 pages
Mar  5 15:16:34 ip-10-1-33-84 kernel: Hierarchical RCU implementation.
Mar  5 15:16:34 ip-10-1-33-84 kernel: #011RCU restricting CPUs from NR_CPUS=8192 to nr_cpu_ids=2.
Mar  5 15:16:34 ip-10-1-33-84 kernel: RCU: Adjusting geometry for rcu_fanout_leaf=16, nr_cpu_ids=2
Mar  5 15:16:34 ip-10-1-33-84 kernel: NR_IRQS: 524544, nr_irqs: 440, preallocated irqs: 16
Mar  5 15:16:34 ip-10-1-33-84 kernel: Console: colour VGA+ 80x25
Mar  5 15:16:34 ip-10-1-33-84 kernel: console [tty0] enabled
Mar  5 15:16:34 ip-10-1-33-84 kernel: console [ttyS0] enabled
Mar  5 15:16:34 ip-10-1-33-84 kernel: tsc: Detected 2999.998 MHz processor
Mar  5 15:16:34 ip-10-1-33-84 kernel: Calibrating delay loop (skipped) preset value.. 5999.99 BogoMIPS (lpj=11999992)
Mar  5 15:16:34 ip-10-1-33-84 kernel: pid_max: default: 32768 minimum: 301
Mar  5 15:16:34 ip-10-1-33-84 kernel: ACPI: Core revision 20170728
Mar  5 15:16:34 ip-10-1-33-84 kernel: ACPI: 2 ACPI AML tables successfully acquired and loaded
Mar  5 15:16:34 ip-10-1-33-84 kernel: Security Framework initialized
Mar  5 15:16:34 ip-10-1-33-84 kernel: SELinux:  Initializing.
Mar  5 15:16:34 ip-10-1-33-84 kernel: Dentry cache hash table entries: 524288 (order: 10, 4194304 bytes)
Mar  5 15:16:34 ip-10-1-33-84 kernel: Inode-cache hash table entries: 262144 (order: 9, 2097152 bytes)
Mar  5 15:16:34 ip-10-1-33-84 kernel: Mount-cache hash table entries: 8192 (order: 4, 65536 bytes)
Mar  5 15:16:34 ip-10-1-33-84 kernel: Mountpoint-cache hash table entries: 8192 (order: 4, 65536 bytes)
Mar  5 15:16:34 ip-10-1-33-84 kernel: Last level iTLB entries: 4KB 64, 2MB 8, 4MB 8
Mar  5 15:16:34 ip-10-1-33-84 kernel: Last level dTLB entries: 4KB 64, 2MB 0, 4MB 0, 1GB 4
Mar  5 15:16:34 ip-10-1-33-84 kernel: Spectre V1 : Mitigation: usercopy/swapgs barriers and __user pointer sanitization
Mar  5 15:16:34 ip-10-1-33-84 kernel: Spectre V2 : Mitigation: Full generic retpoline
Mar  5 15:16:34 ip-10-1-33-84 kernel: Spectre V2 : Spectre v2 / SpectreRSB mitigation: Filling RSB on context switch
Mar  5 15:16:34 ip-10-1-33-84 kernel: Speculative Store Bypass: Vulnerable
Mar  5 15:16:34 ip-10-1-33-84 kernel: MDS: Vulnerable: Clear CPU buffers attempted, no microcode
Mar  5 15:16:34 ip-10-1-33-84 kernel: Freeing SMP alternatives memory: 24K
Mar  5 15:16:34 ip-10-1-33-84 kernel: smpboot: Max logical packages: 1
Mar  5 15:16:34 ip-10-1-33-84 kernel: x2apic enabled
Mar  5 15:16:34 ip-10-1-33-84 kernel: Switched APIC routing to physical x2apic.
Mar  5 15:16:34 ip-10-1-33-84 kernel: ..TIMER: vector=0x30 apic1=0 pin1=0 apic2=-1 pin2=-1
Mar  5 15:16:34 ip-10-1-33-84 kernel: smpboot: CPU0: Intel(R) Xeon(R) Platinum 8275CL CPU @ 3.00GHz (family: 0x6, model: 0x55, stepping: 0x7)
Mar  5 15:16:34 ip-10-1-33-84 kernel: Performance Events: unsupported p6 CPU model 85 no PMU driver, software events only.
Mar  5 15:16:34 ip-10-1-33-84 kernel: Hierarchical SRCU implementation.
Mar  5 15:16:34 ip-10-1-33-84 kernel: NMI watchdog: Perf event create on CPU 0 failed with -2
Mar  5 15:16:34 ip-10-1-33-84 kernel: NMI watchdog: Perf NMI watchdog permanently disabled
Mar  5 15:16:34 ip-10-1-33-84 kernel: smp: Bringing up secondary CPUs ...
Mar  5 15:16:34 ip-10-1-33-84 kernel: x86: Booting SMP configuration:
Mar  5 15:16:34 ip-10-1-33-84 kernel: .... node  #0, CPUs:      #1
Mar  5 15:16:34 ip-10-1-33-84 kernel: kvm-clock: cpu 1, msr 1:3295b041, secondary cpu clock
Mar  5 15:16:34 ip-10-1-33-84 kernel: KVM setup async PF for cpu 1
Mar  5 15:16:34 ip-10-1-33-84 kernel: kvm-stealtime: cpu 1, msr 1327161c0
Mar  5 15:16:34 ip-10-1-33-84 kernel: MDS CPU bug present and SMT on, data leak possible. See https://www.kernel.org/doc/html/latest/admin-guide/hw-vuln/mds.html for more details.
Mar  5 15:16:34 ip-10-1-33-84 kernel: smp: Brought up 1 node, 2 CPUs
Mar  5 15:16:34 ip-10-1-33-84 kernel: smpboot: Total of 2 processors activated (11999.99 BogoMIPS)
Mar  5 15:16:34 ip-10-1-33-84 kernel: devtmpfs: initialized
Mar  5 15:16:34 ip-10-1-33-84 kernel: x86/mm: Memory block size: 128MB
Mar  5 15:16:34 ip-10-1-33-84 kernel: clocksource: jiffies: mask: 0xffffffff max_cycles: 0xffffffff, max_idle_ns: 7645041785100000 ns
Mar  5 15:16:34 ip-10-1-33-84 kernel: futex hash table entries: 512 (order: 3, 32768 bytes)
Mar  5 15:16:34 ip-10-1-33-84 kernel: NET: Registered protocol family 16
Mar  5 15:16:34 ip-10-1-33-84 kernel: cpuidle: using governor ladder
Mar  5 15:16:34 ip-10-1-33-84 kernel: cpuidle: using governor menu
Mar  5 15:16:34 ip-10-1-33-84 kernel: ACPI: bus type PCI registered
Mar  5 15:16:34 ip-10-1-33-84 kernel: acpiphp: ACPI Hot Plug PCI Controller Driver version: 0.5
Mar  5 15:16:34 ip-10-1-33-84 kernel: PCI: Using configuration type 1 for base access
Mar  5 15:16:34 ip-10-1-33-84 kernel: HugeTLB registered 1.00 GiB page size, pre-allocated 0 pages
Mar  5 15:16:34 ip-10-1-33-84 kernel: HugeTLB registered 2.00 MiB page size, pre-allocated 0 pages
Mar  5 15:16:34 ip-10-1-33-84 kernel: ACPI: Added _OSI(Module Device)
Mar  5 15:16:34 ip-10-1-33-84 kernel: ACPI: Added _OSI(Processor Device)
Mar  5 15:16:34 ip-10-1-33-84 kernel: ACPI: Added _OSI(3.0 _SCP Extensions)
Mar  5 15:16:34 ip-10-1-33-84 kernel: ACPI: Added _OSI(Processor Aggregator Device)
Mar  5 15:16:34 ip-10-1-33-84 kernel: ACPI: Interpreter enabled
Mar  5 15:16:34 ip-10-1-33-84 kernel: ACPI: (supports S0 S4 S5)
Mar  5 15:16:34 ip-10-1-33-84 kernel: ACPI: Using IOAPIC for interrupt routing
Mar  5 15:16:34 ip-10-1-33-84 kernel: PCI: Using host bridge windows from ACPI; if necessary, use "pci=nocrs" and report a bug
Mar  5 15:16:34 ip-10-1-33-84 kernel: ACPI: Enabled 16 GPEs in block 00 to 0F
Mar  5 15:16:34 ip-10-1-33-84 kernel: ACPI: PCI Root Bridge [PCI0] (domain 0000 [bus 00-ff])
Mar  5 15:16:34 ip-10-1-33-84 kernel: acpi PNP0A03:00: _OSC: OS supports [ASPM ClockPM Segments MSI]
Mar  5 15:16:34 ip-10-1-33-84 kernel: acpi PNP0A03:00: _OSC failed (AE_NOT_FOUND); disabling ASPM
Mar  5 15:16:34 ip-10-1-33-84 kernel: acpi PNP0A03:00: fail to add MMCONFIG information, can't access extended PCI configuration space under this bridge.
Mar  5 15:16:34 ip-10-1-33-84 kernel: acpiphp: Slot [3] registered
Mar  5 15:16:34 ip-10-1-33-84 kernel: acpiphp: Slot [4] registered
Mar  5 15:16:34 ip-10-1-33-84 kernel: acpiphp: Slot [5] registered
Mar  5 15:16:34 ip-10-1-33-84 kernel: acpiphp: Slot [6] registered
Mar  5 15:16:34 ip-10-1-33-84 kernel: acpiphp: Slot [7] registered
Mar  5 15:16:34 ip-10-1-33-84 kernel: acpiphp: Slot [8] registered
Mar  5 15:16:34 ip-10-1-33-84 kernel: acpiphp: Slot [9] registered
Mar  5 15:16:34 ip-10-1-33-84 kernel: acpiphp: Slot [10] registered
Mar  5 15:16:34 ip-10-1-33-84 kernel: acpiphp: Slot [11] registered
Mar  5 15:16:34 ip-10-1-33-84 kernel: acpiphp: Slot [12] registered
Mar  5 15:16:34 ip-10-1-33-84 kernel: acpiphp: Slot [13] registered
Mar  5 15:16:34 ip-10-1-33-84 kernel: acpiphp: Slot [14] registered
Mar  5 15:16:34 ip-10-1-33-84 kernel: acpiphp: Slot [15] registered
Mar  5 15:16:34 ip-10-1-33-84 kernel: acpiphp: Slot [16] registered
Mar  5 15:16:34 ip-10-1-33-84 kernel: acpiphp: Slot [17] registered
Mar  5 15:16:34 ip-10-1-33-84 kernel: acpiphp: Slot [18] registered
Mar  5 15:16:34 ip-10-1-33-84 kernel: acpiphp: Slot [19] registered
Mar  5 15:16:34 ip-10-1-33-84 kernel: acpiphp: Slot [20] registered
Mar  5 15:16:34 ip-10-1-33-84 kernel: acpiphp: Slot [21] registered
Mar  5 15:16:34 ip-10-1-33-84 kernel: acpiphp: Slot [22] registered
Mar  5 15:16:34 ip-10-1-33-84 kernel: acpiphp: Slot [23] registered
Mar  5 15:16:34 ip-10-1-33-84 kernel: acpiphp: Slot [24] registered
Mar  5 15:16:34 ip-10-1-33-84 kernel: acpiphp: Slot [25] registered
Mar  5 15:16:34 ip-10-1-33-84 kernel: acpiphp: Slot [26] registered
Mar  5 15:16:34 ip-10-1-33-84 kernel: acpiphp: Slot [27] registered
Mar  5 15:16:34 ip-10-1-33-84 kernel: acpiphp: Slot [28] registered
Mar  5 15:16:34 ip-10-1-33-84 kernel: acpiphp: Slot [29] registered
Mar  5 15:16:34 ip-10-1-33-84 kernel: acpiphp: Slot [30] registered
Mar  5 15:16:34 ip-10-1-33-84 kernel: acpiphp: Slot [31] registered
Mar  5 15:16:34 ip-10-1-33-84 kernel: PCI host bridge to bus 0000:00
Mar  5 15:16:34 ip-10-1-33-84 kernel: pci_bus 0000:00: root bus resource [io  0x0000-0x0cf7 window]
Mar  5 15:16:34 ip-10-1-33-84 kernel: pci_bus 0000:00: root bus resource [io  0x0d00-0xffff window]
Mar  5 15:16:34 ip-10-1-33-84 kernel: pci_bus 0000:00: root bus resource [mem 0x000a0000-0x000bffff window]
Mar  5 15:16:34 ip-10-1-33-84 kernel: pci_bus 0000:00: root bus resource [mem 0xc0000000-0xfebfffff window]
Mar  5 15:16:34 ip-10-1-33-84 kernel: pci_bus 0000:00: root bus resource [bus 00-ff]
Mar  5 15:16:34 ip-10-1-33-84 kernel: pci 0000:00:01.3: quirk: [io  0xb000-0xb03f] claimed by PIIX4 ACPI
Mar  5 15:16:34 ip-10-1-33-84 kernel: pci 0000:00:01.3: quirk: [io  0xb100-0xb10f] claimed by PIIX4 SMB
Mar  5 15:16:34 ip-10-1-33-84 kernel: pci 0000:00:01.3: PIIX4 devres E PIO at fff0-ffff
Mar  5 15:16:34 ip-10-1-33-84 kernel: pci 0000:00:01.3: PIIX4 devres F MMIO at ffc00000-ffffffff
Mar  5 15:16:34 ip-10-1-33-84 kernel: pci 0000:00:01.3: PIIX4 devres G PIO at fff0-ffff
Mar  5 15:16:34 ip-10-1-33-84 kernel: pci 0000:00:01.3: PIIX4 devres H MMIO at ffc00000-ffffffff
Mar  5 15:16:34 ip-10-1-33-84 kernel: pci 0000:00:01.3: PIIX4 devres I PIO at fff0-ffff
Mar  5 15:16:34 ip-10-1-33-84 kernel: pci 0000:00:01.3: PIIX4 devres J PIO at fff0-ffff
Mar  5 15:16:34 ip-10-1-33-84 kernel: ACPI: PCI Interrupt Link [LNKA] (IRQs 5 *10 11)
Mar  5 15:16:34 ip-10-1-33-84 kernel: ACPI: PCI Interrupt Link [LNKB] (IRQs 5 *10 11)
Mar  5 15:16:34 ip-10-1-33-84 kernel: ACPI: PCI Interrupt Link [LNKC] (IRQs 5 10 *11)
Mar  5 15:16:34 ip-10-1-33-84 kernel: ACPI: PCI Interrupt Link [LNKD] (IRQs 5 10 *11)
Mar  5 15:16:34 ip-10-1-33-84 kernel: ACPI: PCI Interrupt Link [LNKS] (IRQs *9)
Mar  5 15:16:34 ip-10-1-33-84 kernel: pci 0000:00:03.0: vgaarb: setting as boot VGA device
Mar  5 15:16:34 ip-10-1-33-84 kernel: pci 0000:00:03.0: vgaarb: VGA device added: decodes=io+mem,owns=io+mem,locks=none
Mar  5 15:16:34 ip-10-1-33-84 kernel: pci 0000:00:03.0: vgaarb: bridge control possible
Mar  5 15:16:34 ip-10-1-33-84 kernel: vgaarb: loaded
Mar  5 15:16:34 ip-10-1-33-84 kernel: EDAC MC: Ver: 3.0.0
Mar  5 15:16:34 ip-10-1-33-84 kernel: PCI: Using ACPI for IRQ routing
Mar  5 15:16:34 ip-10-1-33-84 kernel: NetLabel: Initializing
Mar  5 15:16:34 ip-10-1-33-84 kernel: NetLabel:  domain hash size = 128
Mar  5 15:16:34 ip-10-1-33-84 kernel: NetLabel:  protocols = UNLABELED CIPSOv4 CALIPSO
Mar  5 15:16:34 ip-10-1-33-84 kernel: NetLabel:  unlabeled traffic allowed by default
Mar  5 15:16:34 ip-10-1-33-84 kernel: clocksource: Switched to clocksource kvm-clock
Mar  5 15:16:34 ip-10-1-33-84 kernel: VFS: Disk quotas dquot_6.6.0
Mar  5 15:16:34 ip-10-1-33-84 kernel: VFS: Dquot-cache hash table entries: 512 (order 0, 4096 bytes)
Mar  5 15:16:34 ip-10-1-33-84 kernel: pnp: PnP ACPI init
Mar  5 15:16:34 ip-10-1-33-84 kernel: pnp: PnP ACPI: found 5 devices
Mar  5 15:16:34 ip-10-1-33-84 kernel: clocksource: acpi_pm: mask: 0xffffff max_cycles: 0xffffff, max_idle_ns: 2085701024 ns
Mar  5 15:16:34 ip-10-1-33-84 kernel: NET: Registered protocol family 2
Mar  5 15:16:34 ip-10-1-33-84 kernel: TCP established hash table entries: 32768 (order: 6, 262144 bytes)
Mar  5 15:16:34 ip-10-1-33-84 kernel: TCP bind hash table entries: 32768 (order: 7, 524288 bytes)
Mar  5 15:16:34 ip-10-1-33-84 kernel: TCP: Hash tables configured (established 32768 bind 32768)
Mar  5 15:16:34 ip-10-1-33-84 kernel: UDP hash table entries: 2048 (order: 4, 65536 bytes)
Mar  5 15:16:34 ip-10-1-33-84 kernel: UDP-Lite hash table entries: 2048 (order: 4, 65536 bytes)
Mar  5 15:16:34 ip-10-1-33-84 kernel: NET: Registered protocol family 1
Mar  5 15:16:34 ip-10-1-33-84 kernel: pci 0000:00:00.0: Limiting direct PCI/PCI transfers
Mar  5 15:16:34 ip-10-1-33-84 kernel: pci 0000:00:01.0: Activating ISA DMA hang workarounds
Mar  5 15:16:34 ip-10-1-33-84 kernel: pci 0000:00:03.0: Video device with shadowed ROM at [mem 0x000c0000-0x000dffff]
Mar  5 15:16:34 ip-10-1-33-84 kernel: Unpacking initramfs...
Mar  5 15:16:34 ip-10-1-33-84 kernel: Freeing initrd memory: 16100K
Mar  5 15:16:34 ip-10-1-33-84 kernel: PCI-DMA: Using software bounce buffering for IO (SWIOTLB)
Mar  5 15:16:34 ip-10-1-33-84 kernel: software IO TLB: mapped [mem 0xbbffa000-0xbfffa000] (64MB)
Mar  5 15:16:34 ip-10-1-33-84 kernel: clocksource: tsc: mask: 0xffffffffffffffff max_cycles: 0x2b3e43c8763, max_idle_ns: 440795360101 ns
Mar  5 15:16:34 ip-10-1-33-84 kernel: Scanning for low memory corruption every 60 seconds
Mar  5 15:16:34 ip-10-1-33-84 kernel: audit: initializing netlink subsys (disabled)
Mar  5 15:16:34 ip-10-1-33-84 kernel: audit: type=2000 audit(1614957393.980:1): state=initialized audit_enabled=0 res=1
Mar  5 15:16:34 ip-10-1-33-84 kernel: Initialise system trusted keyrings
Mar  5 15:16:34 ip-10-1-33-84 kernel: Key type blacklist registered
Mar  5 15:16:34 ip-10-1-33-84 kernel: workingset: timestamp_bits=36 max_order=20 bucket_order=0
Mar  5 15:16:34 ip-10-1-33-84 kernel: zbud: loaded
Mar  5 15:16:34 ip-10-1-33-84 kernel: Key type asymmetric registered
Mar  5 15:16:34 ip-10-1-33-84 kernel: Asymmetric key parser 'x509' registered
Mar  5 15:16:34 ip-10-1-33-84 kernel: Block layer SCSI generic (bsg) driver version 0.4 loaded (major 251)
Mar  5 15:16:34 ip-10-1-33-84 kernel: io scheduler noop registered (default)
Mar  5 15:16:34 ip-10-1-33-84 kernel: io scheduler cfq registered
Mar  5 15:16:34 ip-10-1-33-84 kernel: crc32: CRC_LE_BITS = 64, CRC_BE BITS = 64
Mar  5 15:16:34 ip-10-1-33-84 kernel: crc32: self tests passed, processed 225944 bytes in 113246 nsec
Mar  5 15:16:34 ip-10-1-33-84 kernel: crc32c: CRC_LE_BITS = 64
Mar  5 15:16:34 ip-10-1-33-84 kernel: crc32c: self tests passed, processed 225944 bytes in 56570 nsec
Mar  5 15:16:34 ip-10-1-33-84 kernel: crc32_combine: 8373 self tests passed
Mar  5 15:16:34 ip-10-1-33-84 kernel: crc32c_combine: 8373 self tests passed
Mar  5 15:16:34 ip-10-1-33-84 kernel: Serial: 8250/16550 driver, 4 ports, IRQ sharing disabled
Mar  5 15:16:34 ip-10-1-33-84 kernel: 00:04: ttyS0 at I/O 0x3f8 (irq = 4, base_baud = 115200) is a 16550A
Mar  5 15:16:34 ip-10-1-33-84 kernel: i8042: PNP: PS/2 Controller [PNP0303:KBD,PNP0f13:MOU] at 0x60,0x64 irq 1,12
Mar  5 15:16:34 ip-10-1-33-84 kernel: i8042: Warning: Keylock active
Mar  5 15:16:34 ip-10-1-33-84 kernel: serio: i8042 KBD port at 0x60,0x64 irq 1
Mar  5 15:16:34 ip-10-1-33-84 kernel: serio: i8042 AUX port at 0x60,0x64 irq 12
Mar  5 15:16:34 ip-10-1-33-84 kernel: rtc_cmos 00:00: RTC can wake from S4
Mar  5 15:16:34 ip-10-1-33-84 kernel: rtc_cmos 00:00: rtc core: registered rtc_cmos as rtc0
Mar  5 15:16:34 ip-10-1-33-84 kernel: rtc_cmos 00:00: alarms up to one day, 114 bytes nvram
Mar  5 15:16:34 ip-10-1-33-84 kernel: hidraw: raw HID events driver (C) Jiri Kosina
Mar  5 15:16:34 ip-10-1-33-84 kernel: NET: Registered protocol family 17
Mar  5 15:16:34 ip-10-1-33-84 kernel: mce: Using 32 MCE banks
Mar  5 15:16:34 ip-10-1-33-84 kernel: sched_clock: Marking stable (689088545, 0)->(1436829043, -747740498)
Mar  5 15:16:34 ip-10-1-33-84 kernel: registered taskstats version 1
Mar  5 15:16:34 ip-10-1-33-84 kernel: Loading compiled-in X.509 certificates
Mar  5 15:16:34 ip-10-1-33-84 kernel: Loaded X.509 cert 'Build time autogenerated kernel key: e7dd5aac619b4e28ac4b0ebaa4bf9fe47ec3c2ab'
Mar  5 15:16:34 ip-10-1-33-84 kernel: zswap: loaded using pool lzo/zbud
Mar  5 15:16:34 ip-10-1-33-84 kernel: ima: No TPM chip found, activating TPM-bypass! (rc=-19)
Mar  5 15:16:34 ip-10-1-33-84 kernel: ima: Allocated hash algorithm: sha1
Mar  5 15:16:34 ip-10-1-33-84 kernel: rtc_cmos 00:00: setting system clock to 2021-03-05 15:16:34 UTC (1614957394)
Mar  5 15:16:34 ip-10-1-33-84 kernel: Freeing unused kernel memory: 2128K
Mar  5 15:16:34 ip-10-1-33-84 kernel: Write protecting the kernel read-only data: 16384k
Mar  5 15:16:34 ip-10-1-33-84 kernel: Freeing unused kernel memory: 2016K
Mar  5 15:16:34 ip-10-1-33-84 kernel: Freeing unused kernel memory: 1296K
Mar  5 15:16:34 ip-10-1-33-84 systemd[1]: Inserted module 'autofs4'
Mar  5 15:16:34 ip-10-1-33-84 kernel: NET: Registered protocol family 10
Mar  5 15:16:34 ip-10-1-33-84 kernel: Segment Routing with IPv6
Mar  5 15:16:34 ip-10-1-33-84 systemd[1]: Inserted module 'ipv6'
Mar  5 15:16:34 ip-10-1-33-84 kernel: random: systemd: uninitialized urandom read (16 bytes read)
Mar  5 15:16:34 ip-10-1-33-84 kernel: random: systemd: uninitialized urandom read (16 bytes read)
Mar  5 15:16:34 ip-10-1-33-84 kernel: random: systemd: uninitialized urandom read (16 bytes read)
Mar  5 15:16:34 ip-10-1-33-84 systemd[1]: systemd 219 running in system mode. (+PAM +AUDIT +SELINUX +IMA -APPARMOR +SMACK +SYSVINIT +UTMP +LIBCRYPTSETUP +GCRYPT +GNUTLS +ACL +XZ +LZ4 -SECCOMP +BLKID +ELFUTILS +KMOD +IDN)
Mar  5 15:16:34 ip-10-1-33-84 systemd[1]: Detected virtualization kvm.
Mar  5 15:16:34 ip-10-1-33-84 systemd[1]: Detected architecture x86-64.
Mar  5 15:16:34 ip-10-1-33-84 systemd[1]: Running in initial RAM disk.
Mar  5 15:16:34 ip-10-1-33-84 systemd[1]: No hostname configured.
Mar  5 15:16:34 ip-10-1-33-84 systemd[1]: Set hostname to <localhost>.
Mar  5 15:16:34 ip-10-1-33-84 systemd[1]: Initializing machine ID from KVM UUID.
Mar  5 15:16:34 ip-10-1-33-84 systemd[1]: Reached target Timers.
Mar  5 15:16:34 ip-10-1-33-84 systemd[1]: Starting Timers.
Mar  5 15:16:34 ip-10-1-33-84 systemd[1]: Started Dispatch Password Requests to Console Directory Watch.
Mar  5 15:16:34 ip-10-1-33-84 journal: Journal started
Mar  5 15:16:34 ip-10-1-33-84 systemd-udevd: starting version 219
Mar  5 15:16:34 ip-10-1-33-84 systemd-udevd: Network interface NamePolicy= disabled on kernel command line, ignoring.
Mar  5 15:16:34 ip-10-1-33-84 systemd: Started dracut pre-trigger hook.
Mar  5 15:16:34 ip-10-1-33-84 systemd: Starting udev Coldplug all Devices...
Mar  5 15:16:34 ip-10-1-33-84 systemd-udevd: Network interface NamePolicy= disabled on kernel command line, ignoring.
Mar  5 15:16:34 ip-10-1-33-84 systemd: Started udev Coldplug all Devices.
Mar  5 15:16:34 ip-10-1-33-84 systemd: Starting dracut initqueue hook...
Mar  5 15:16:34 ip-10-1-33-84 systemd: Reached target System Initialization.
Mar  5 15:16:34 ip-10-1-33-84 systemd: Starting System Initialization.
Mar  5 15:16:34 ip-10-1-33-84 systemd: Reached target Basic System.
Mar  5 15:16:34 ip-10-1-33-84 systemd: Starting Basic System.
Mar  5 15:16:34 ip-10-1-33-84 kernel: nvme nvme0: pci function 0000:00:04.0
Mar  5 15:16:34 ip-10-1-33-84 kernel: ACPI: PCI Interrupt Link [LNKD] enabled at IRQ 11
Mar  5 15:16:34 ip-10-1-33-84 kernel: GPT:Primary header thinks Alt. header is not at the end of the disk.
Mar  5 15:16:34 ip-10-1-33-84 kernel: input: AT Translated Set 2 keyboard as /devices/platform/i8042/serio0/input/input0
Mar  5 15:16:34 ip-10-1-33-84 kernel: GPT:16777215 != 41943039
Mar  5 15:16:34 ip-10-1-33-84 kernel: GPT:Alternate GPT header not at the end of the disk.
Mar  5 15:16:34 ip-10-1-33-84 kernel: GPT:16777215 != 41943039
Mar  5 15:16:35 ip-10-1-33-84 kernel: GPT: Use GNU Parted to correct GPT errors.
Mar  5 15:16:35 ip-10-1-33-84 kernel: nvme0n1: p1 p128
Mar  5 15:16:35 ip-10-1-33-84 systemd: Found device /dev/disk/by-uuid/bc07e2f4-d5ff-494b-adf1-6f6da7608cd6.
Mar  5 15:16:35 ip-10-1-33-84 systemd: Starting File System Check on /dev/disk/by-uuid/bc07e2f4-d5ff-494b-adf1-6f6da7608cd6...
Mar  5 15:16:35 ip-10-1-33-84 systemd-fsck: fsck.xfs doesn't exist, not checking file system on /dev/disk/by-uuid/bc07e2f4-d5ff-494b-adf1-6f6da7608cd6
Mar  5 15:16:35 ip-10-1-33-84 systemd: Started File System Check on /dev/disk/by-uuid/bc07e2f4-d5ff-494b-adf1-6f6da7608cd6.
Mar  5 15:16:35 ip-10-1-33-84 systemd: Started dracut initqueue hook.
Mar  5 15:16:35 ip-10-1-33-84 systemd: Reached target Remote File Systems (Pre).
Mar  5 15:16:35 ip-10-1-33-84 systemd: Starting Remote File Systems (Pre).
Mar  5 15:16:35 ip-10-1-33-84 systemd: Reached target Remote File Systems.
Mar  5 15:16:35 ip-10-1-33-84 systemd: Starting Remote File Systems.
Mar  5 15:16:35 ip-10-1-33-84 systemd: Mounting /sysroot...
Mar  5 15:16:35 ip-10-1-33-84 kernel: SGI XFS with ACLs, security attributes, no debug enabled
Mar  5 15:16:35 ip-10-1-33-84 kernel: XFS (nvme0n1p1): Mounting V5 Filesystem
Mar  5 15:16:35 ip-10-1-33-84 kernel: XFS (nvme0n1p1): Ending clean mount
Mar  5 15:16:35 ip-10-1-33-84 systemd: Mounted /sysroot.
Mar  5 15:16:35 ip-10-1-33-84 systemd: Reached target Initrd Root File System.
Mar  5 15:16:35 ip-10-1-33-84 systemd: Starting Initrd Root File System.
Mar  5 15:16:35 ip-10-1-33-84 systemd: Starting Reload Configuration from the Real Root...
Mar  5 15:16:35 ip-10-1-33-84 systemd: Reloading.
Mar  5 15:16:35 ip-10-1-33-84 systemd: Started Reload Configuration from the Real Root.
Mar  5 15:16:35 ip-10-1-33-84 systemd: Reached target Initrd File Systems.
Mar  5 15:16:35 ip-10-1-33-84 systemd: Starting Initrd File Systems.
Mar  5 15:16:35 ip-10-1-33-84 systemd: Reached target Initrd Default Target.
Mar  5 15:16:35 ip-10-1-33-84 systemd: Starting Initrd Default Target.
Mar  5 15:16:35 ip-10-1-33-84 systemd: Starting dracut pre-pivot and cleanup hook...
Mar  5 15:16:35 ip-10-1-33-84 kernel: random: fast init done
Mar  5 15:16:35 ip-10-1-33-84 systemd: Started dracut pre-pivot and cleanup hook.
Mar  5 15:16:35 ip-10-1-33-84 systemd: Starting Cleaning Up and Shutting Down Daemons...
Mar  5 15:16:35 ip-10-1-33-84 systemd: Stopped target Timers.
Mar  5 15:16:35 ip-10-1-33-84 systemd: Stopping Timers.
Mar  5 15:16:35 ip-10-1-33-84 systemd: Stopped Cleaning Up and Shutting Down Daemons.
Mar  5 15:16:35 ip-10-1-33-84 systemd: Stopped dracut pre-pivot and cleanup hook.
Mar  5 15:16:35 ip-10-1-33-84 systemd: Stopping dracut pre-pivot and cleanup hook...
Mar  5 15:16:35 ip-10-1-33-84 systemd: Stopped target Remote File Systems.
Mar  5 15:16:35 ip-10-1-33-84 systemd: Stopping Remote File Systems.
Mar  5 15:16:35 ip-10-1-33-84 systemd: Stopped target Remote File Systems (Pre).
Mar  5 15:16:35 ip-10-1-33-84 systemd: Stopping Remote File Systems (Pre).
Mar  5 15:16:35 ip-10-1-33-84 systemd: Stopped dracut initqueue hook.
Mar  5 15:16:35 ip-10-1-33-84 systemd: Stopping dracut initqueue hook...
Mar  5 15:16:35 ip-10-1-33-84 systemd: Stopped target Initrd Default Target.
Mar  5 15:16:35 ip-10-1-33-84 systemd: Stopping Initrd Default Target.
Mar  5 15:16:35 ip-10-1-33-84 systemd: Stopped target Basic System.
Mar  5 15:16:35 ip-10-1-33-84 systemd: Stopping Basic System.
Mar  5 15:16:35 ip-10-1-33-84 systemd: Stopped target System Initialization.
Mar  5 15:16:35 ip-10-1-33-84 systemd: Stopping System Initialization.
Mar  5 15:16:35 ip-10-1-33-84 systemd: Stopped target Swap.
Mar  5 15:16:35 ip-10-1-33-84 systemd: Stopping Swap.
Mar  5 15:16:35 ip-10-1-33-84 systemd: Stopped udev Coldplug all Devices.
Mar  5 15:16:35 ip-10-1-33-84 systemd: Stopping udev Coldplug all Devices...
Mar  5 15:16:35 ip-10-1-33-84 systemd: Stopped dracut pre-trigger hook.
Mar  5 15:16:35 ip-10-1-33-84 systemd: Stopping dracut pre-trigger hook...
Mar  5 15:16:35 ip-10-1-33-84 systemd: Stopped Apply Kernel Variables.
Mar  5 15:16:35 ip-10-1-33-84 systemd: Stopping Apply Kernel Variables...
Mar  5 15:16:35 ip-10-1-33-84 systemd: Stopped target Local File Systems.
Mar  5 15:16:35 ip-10-1-33-84 systemd: Stopping Local File Systems.
Mar  5 15:16:35 ip-10-1-33-84 systemd: Stopping udev Kernel Device Manager...
Mar  5 15:16:35 ip-10-1-33-84 systemd: Stopped target Slices.
Mar  5 15:16:35 ip-10-1-33-84 systemd: Stopping Slices.
Mar  5 15:16:35 ip-10-1-33-84 systemd: Stopped target Paths.
Mar  5 15:16:35 ip-10-1-33-84 systemd: Stopping Paths.
Mar  5 15:16:35 ip-10-1-33-84 systemd: Stopped Dispatch Password Requests to Console Directory Watch.
Mar  5 15:16:35 ip-10-1-33-84 systemd: Stopping Dispatch Password Requests to Console Directory Watch.
Mar  5 15:16:35 ip-10-1-33-84 systemd: Stopped target Sockets.
Mar  5 15:16:35 ip-10-1-33-84 systemd: Stopping Sockets.
Mar  5 15:16:35 ip-10-1-33-84 systemd: Stopped udev Kernel Device Manager.
Mar  5 15:16:35 ip-10-1-33-84 systemd: Stopped Create Static Device Nodes in /dev.
Mar  5 15:16:35 ip-10-1-33-84 systemd: Stopping Create Static Device Nodes in /dev...
Mar  5 15:16:35 ip-10-1-33-84 systemd: Stopped Create list of required static device nodes for the current kernel.
Mar  5 15:16:35 ip-10-1-33-84 systemd: Stopping Create list of required static device nodes for the current kernel...
Mar  5 15:16:35 ip-10-1-33-84 systemd: Closed udev Kernel Socket.
Mar  5 15:16:35 ip-10-1-33-84 systemd: Stopping udev Kernel Socket.
Mar  5 15:16:35 ip-10-1-33-84 systemd: Closed udev Control Socket.
Mar  5 15:16:35 ip-10-1-33-84 systemd: Stopping udev Control Socket.
Mar  5 15:16:35 ip-10-1-33-84 systemd: Starting Cleanup udevd DB...
Mar  5 15:16:35 ip-10-1-33-84 systemd: Started Cleanup udevd DB.
Mar  5 15:16:35 ip-10-1-33-84 systemd: Reached target Switch Root.
Mar  5 15:16:35 ip-10-1-33-84 systemd: Starting Switch Root.
Mar  5 15:16:35 ip-10-1-33-84 systemd: Starting Switch Root...
Mar  5 15:16:35 ip-10-1-33-84 systemd: Switching root.
Mar  5 15:16:35 ip-10-1-33-84 journal: Journal stopped
Mar  5 15:16:36 ip-10-1-33-84 journal: Runtime journal is using 8.0M (max allowed 186.6M, trying to leave 279.9M free of 1.8G available â†’ current limit 186.6M).
Mar  5 15:16:36 ip-10-1-33-84 systemd-journald[669]: Received SIGTERM from PID 1 (systemd).
Mar  5 15:16:36 ip-10-1-33-84 kernel: systemd: 32 output lines suppressed due to ratelimiting
Mar  5 15:16:36 ip-10-1-33-84 kernel: SELinux:  Disabled at runtime.
Mar  5 15:16:36 ip-10-1-33-84 kernel: audit: type=1404 audit(1614957395.848:2): selinux=0 auid=4294967295 ses=4294967295
Mar  5 15:16:36 ip-10-1-33-84 kernel: ip_tables: (C) 2000-2006 Netfilter Core Team
Mar  5 15:16:36 ip-10-1-33-84 systemd[1]: Inserted module 'ip_tables'
Mar  5 15:16:36 ip-10-1-33-84 journal: Journal started
Mar  5 15:16:36 ip-10-1-33-84 systemd: systemd 219 running in system mode. (+PAM +AUDIT +SELINUX +IMA -APPARMOR +SMACK +SYSVINIT +UTMP +LIBCRYPTSETUP +GCRYPT +GNUTLS +ACL +XZ +LZ4 -SECCOMP +BLKID +ELFUTILS +KMOD +IDN)
Mar  5 15:16:36 ip-10-1-33-84 systemd: Detected virtualization kvm.
Mar  5 15:16:36 ip-10-1-33-84 systemd: Detected architecture x86-64.
Mar  5 15:16:36 ip-10-1-33-84 systemd: Set hostname to <ip-172-31-58-248.us-west-2.compute.internal>.
Mar  5 15:16:36 ip-10-1-33-84 systemd: Cannot add dependency job for unit display-manager.service, ignoring: Unit not found.
Mar  5 15:16:36 ip-10-1-33-84 systemd: Starting Create Static Device Nodes in /dev...
Mar  5 15:16:36 ip-10-1-33-84 systemd: Mounted Huge Pages File System.
Mar  5 15:16:36 ip-10-1-33-84 systemd: Mounted Debug File System.
Mar  5 15:16:36 ip-10-1-33-84 systemd: Mounted POSIX Message Queue File System.
Mar  5 15:16:36 ip-10-1-33-84 systemd: Started Setup Virtual Console.
Mar  5 15:16:36 ip-10-1-33-84 systemd: Started Read and set NIS domainname from /etc/sysconfig/network.
Mar  5 15:16:36 ip-10-1-33-84 systemd: Started Remount Root and Kernel File Systems.
Mar  5 15:16:36 ip-10-1-33-84 systemd: Started LVM2 metadata daemon.
Mar  5 15:16:36 ip-10-1-33-84 systemd: Starting LVM2 metadata daemon...
Mar  5 15:16:36 ip-10-1-33-84 systemd: Starting Flush Journal to Persistent Storage...
Mar  5 15:16:36 ip-10-1-33-84 systemd: Starting Configure read-only root support...
Mar  5 15:16:36 ip-10-1-33-84 systemd: Starting Relabel kernel modules early in the boot, if needed...
Mar  5 15:16:36 ip-10-1-33-84 systemd: Starting udev Coldplug all Devices...
Mar  5 15:16:36 ip-10-1-33-84 systemd: Started Relabel kernel modules early in the boot, if needed.
Mar  5 15:16:36 ip-10-1-33-84 systemd: Starting Load Kernel Modules...
Mar  5 15:16:36 ip-10-1-33-84 systemd: Started udev Coldplug all Devices.
Mar  5 15:16:36 ip-10-1-33-84 systemd: Starting udev Wait for Complete Device Initialization...
Mar  5 15:16:36 ip-10-1-33-84 kernel: ena 0000:00:05.0: Elastic Network Adapter (ENA) v2.4.0g
Mar  5 15:16:36 ip-10-1-33-84 systemd: Started Configure read-only root support.
Mar  5 15:16:36 ip-10-1-33-84 systemd: Starting Load/Save Random Seed...
Mar  5 15:16:36 ip-10-1-33-84 systemd: Started Load/Save Random Seed.
Mar  5 15:16:36 ip-10-1-33-84 systemd: Started Create Static Device Nodes in /dev.
Mar  5 15:16:36 ip-10-1-33-84 systemd: Starting udev Kernel Device Manager...
Mar  5 15:16:36 ip-10-1-33-84 kernel: ena 0000:00:05.0: ENA device version: 0.10
Mar  5 15:16:36 ip-10-1-33-84 kernel: ena 0000:00:05.0: ENA controller version: 0.0.1 implementation version 1
Mar  5 15:16:36 ip-10-1-33-84 systemd: Started Flush Journal to Persistent Storage.
Mar  5 15:16:36 ip-10-1-33-84 systemd-udevd: starting version 219
Mar  5 15:16:36 ip-10-1-33-84 systemd-udevd: Network interface NamePolicy= disabled on kernel command line, ignoring.
Mar  5 15:16:36 ip-10-1-33-84 systemd: Started udev Kernel Device Manager.
Mar  5 15:16:36 ip-10-1-33-84 systemd: Starting Show Plymouth Boot Screen...
Mar  5 15:16:36 ip-10-1-33-84 systemd-modules-load: Inserted module 'ena'
Mar  5 15:16:36 ip-10-1-33-84 kernel: ena 0000:00:05.0: Elastic Network Adapter (ENA) found at mem febf4000, mac addr 02:e6:35:85:19:fb
Mar  5 15:16:36 ip-10-1-33-84 systemd: Started Load Kernel Modules.
Mar  5 15:16:36 ip-10-1-33-84 systemd: Starting Apply Kernel Variables...
Mar  5 15:16:36 ip-10-1-33-84 systemd: Started Apply Kernel Variables.
Mar  5 15:16:36 ip-10-1-33-84 systemd: Received SIGRTMIN+20 from PID 1546 (plymouthd).
Mar  5 15:16:36 ip-10-1-33-84 systemd: Started Show Plymouth Boot Screen.
Mar  5 15:16:36 ip-10-1-33-84 systemd: Started Forward Password Requests to Plymouth Directory Watch.
Mar  5 15:16:36 ip-10-1-33-84 systemd: Starting Forward Password Requests to Plymouth Directory Watch.
Mar  5 15:16:36 ip-10-1-33-84 systemd: Found device /dev/ttyS0.
Mar  5 15:16:36 ip-10-1-33-84 kernel: input: Power Button as /devices/LNXSYSTM:00/LNXPWRBN:00/input/input3
Mar  5 15:16:36 ip-10-1-33-84 kernel: ACPI: Power Button [PWRF]
Mar  5 15:16:36 ip-10-1-33-84 kernel: input: Sleep Button as /devices/LNXSYSTM:00/LNXSLPBN:00/input/input4
Mar  5 15:16:36 ip-10-1-33-84 kernel: ACPI: Sleep Button [SLPF]
Mar  5 15:16:36 ip-10-1-33-84 kernel: input: ImPS/2 Generic Wheel Mouse as /devices/platform/i8042/serio1/input/input5
Mar  5 15:16:36 ip-10-1-33-84 kernel: mousedev: PS/2 mouse device common for all mice
Mar  5 15:16:36 ip-10-1-33-84 kernel: AVX2 version of gcm_enc/dec engaged.
Mar  5 15:16:36 ip-10-1-33-84 kernel: AES CTR mode by8 optimization enabled
Mar  5 15:16:36 ip-10-1-33-84 systemd: Starting Relabel kernel modules early in the boot, if needed...
Mar  5 15:16:36 ip-10-1-33-84 systemd: Created slice system-ec2net\x2difup.slice.
Mar  5 15:16:36 ip-10-1-33-84 systemd: Starting system-ec2net\x2difup.slice.
Mar  5 15:16:36 ip-10-1-33-84 systemd: Started Relabel kernel modules early in the boot, if needed.
Mar  5 15:16:36 ip-10-1-33-84 kernel: alg: No test for pcbc(aes) (pcbc-aes-aesni)
Mar  5 15:16:37 ip-10-1-33-84 systemd: Started udev Wait for Complete Device Initialization.
Mar  5 15:16:37 ip-10-1-33-84 systemd: Starting Activation of DM RAID sets...
Mar  5 15:16:37 ip-10-1-33-84 kernel: device-mapper: uevent: version 1.0.3
Mar  5 15:16:37 ip-10-1-33-84 kernel: device-mapper: ioctl: 4.37.0-ioctl (2017-09-20) initialised: dm-devel@redhat.com
Mar  5 15:16:37 ip-10-1-33-84 systemd: Started Monitoring of LVM2 mirrors, snapshots etc. using dmeventd or progress polling.
Mar  5 15:16:37 ip-10-1-33-84 systemd: Reached target Local File Systems (Pre).
Mar  5 15:16:37 ip-10-1-33-84 systemd: Starting Local File Systems (Pre).
Mar  5 15:16:37 ip-10-1-33-84 systemd: Started Activation of DM RAID sets.
Mar  5 15:16:37 ip-10-1-33-84 systemd: Reached target Local File Systems.
Mar  5 15:16:37 ip-10-1-33-84 systemd: Starting Local File Systems.
Mar  5 15:16:37 ip-10-1-33-84 systemd: Starting Create Volatile Files and Directories...
Mar  5 15:16:37 ip-10-1-33-84 systemd: Starting Tell Plymouth To Write Out Runtime Data...
Mar  5 15:16:37 ip-10-1-33-84 systemd: Starting Preprocess NFS configuration...
Mar  5 15:16:37 ip-10-1-33-84 systemd: Reached target Local Encrypted Volumes.
Mar  5 15:16:37 ip-10-1-33-84 systemd: Starting Local Encrypted Volumes.
Mar  5 15:16:37 ip-10-1-33-84 systemd: Started Create Volatile Files and Directories.
Mar  5 15:16:37 ip-10-1-33-84 systemd: Starting Security Auditing Service...
Mar  5 15:16:37 ip-10-1-33-84 systemd: Mounting RPC Pipe File System...
Mar  5 15:16:37 ip-10-1-33-84 systemd: Started Preprocess NFS configuration.
Mar  5 15:16:37 ip-10-1-33-84 systemd: Started Tell Plymouth To Write Out Runtime Data.
Mar  5 15:16:37 ip-10-1-33-84 kernel: RPC: Registered named UNIX socket transport module.
Mar  5 15:16:37 ip-10-1-33-84 kernel: RPC: Registered udp transport module.
Mar  5 15:16:37 ip-10-1-33-84 kernel: RPC: Registered tcp transport module.
Mar  5 15:16:37 ip-10-1-33-84 kernel: RPC: Registered tcp NFSv4.1 backchannel transport module.
Mar  5 15:16:37 ip-10-1-33-84 systemd: Mounted RPC Pipe File System.
Mar  5 15:16:37 ip-10-1-33-84 systemd: Reached target rpc_pipefs.target.
Mar  5 15:16:37 ip-10-1-33-84 systemd: Starting rpc_pipefs.target.
Mar  5 15:16:37 ip-10-1-33-84 auditd: Could not open dir /var/log/audit (No such file or directory)
Mar  5 15:16:37 ip-10-1-33-84 auditd: The audit daemon is exiting.
Mar  5 15:16:37 ip-10-1-33-84 systemd: auditd.service: control process exited, code=exited status=6
Mar  5 15:16:37 ip-10-1-33-84 systemd: Failed to start Security Auditing Service.
Mar  5 15:16:37 ip-10-1-33-84 systemd: Unit auditd.service entered failed state.
Mar  5 15:16:37 ip-10-1-33-84 systemd: auditd.service failed.
Mar  5 15:16:37 ip-10-1-33-84 systemd: Starting Update UTMP about System Boot/Shutdown...
Mar  5 15:16:37 ip-10-1-33-84 systemd: Started Update UTMP about System Boot/Shutdown.
Mar  5 15:16:37 ip-10-1-33-84 systemd: Reached target System Initialization.
Mar  5 15:16:37 ip-10-1-33-84 systemd: Starting System Initialization.
Mar  5 15:16:37 ip-10-1-33-84 systemd: Listening on RPCbind Server Activation Socket.
Mar  5 15:16:37 ip-10-1-33-84 systemd: Starting RPCbind Server Activation Socket.
Mar  5 15:16:37 ip-10-1-33-84 systemd: Starting RPC bind service...
Mar  5 15:16:37 ip-10-1-33-84 systemd: Listening on D-Bus System Message Bus Socket.
Mar  5 15:16:37 ip-10-1-33-84 systemd: Starting D-Bus System Message Bus Socket.
Mar  5 15:16:37 ip-10-1-33-84 systemd: Reached target Sockets.
Mar  5 15:16:37 ip-10-1-33-84 systemd: Starting Sockets.
Mar  5 15:16:37 ip-10-1-33-84 systemd: Started Flexible branding.
Mar  5 15:16:37 ip-10-1-33-84 systemd: Starting Flexible branding.
Mar  5 15:16:37 ip-10-1-33-84 systemd: Reached target Paths.
Mar  5 15:16:37 ip-10-1-33-84 systemd: Starting Paths.
Mar  5 15:16:37 ip-10-1-33-84 systemd: Started Daily Cleanup of Temporary Directories.
Mar  5 15:16:37 ip-10-1-33-84 systemd: Starting Daily Cleanup of Temporary Directories.
Mar  5 15:16:37 ip-10-1-33-84 systemd: Reached target Timers.
Mar  5 15:16:37 ip-10-1-33-84 systemd: Starting Timers.
Mar  5 15:16:37 ip-10-1-33-84 systemd: Reached target Basic System.
Mar  5 15:16:37 ip-10-1-33-84 systemd: Starting Basic System.
Mar  5 15:16:37 ip-10-1-33-84 systemd: Starting Initial cloud-init job (pre-networking)...
Mar  5 15:16:37 ip-10-1-33-84 systemd: Started irqbalance daemon.
Mar  5 15:16:37 ip-10-1-33-84 systemd: Starting irqbalance daemon...
Mar  5 15:16:37 ip-10-1-33-84 systemd: Starting Dump dmesg to /var/log/dmesg...
Mar  5 15:16:37 ip-10-1-33-84 systemd: Started D-Bus System Message Bus.
Mar  5 15:16:37 ip-10-1-33-84 systemd: Starting D-Bus System Message Bus...
Mar  5 15:16:37 ip-10-1-33-84 systemd: Starting ACPI Event Daemon...
Mar  5 15:16:37 ip-10-1-33-84 systemd: Starting Login Service...
Mar  5 15:16:37 ip-10-1-33-84 systemd: Starting GSSAPI Proxy Daemon...
Mar  5 15:16:37 ip-10-1-33-84 systemd: Starting Hardware RNG Entropy Gatherer Wake threshold service...
Mar  5 15:16:37 ip-10-1-33-84 systemd: Starting NTP client/server...
Mar  5 15:16:37 ip-10-1-33-84 systemd: Started libstoragemgmt plug-in server daemon.
Mar  5 15:16:37 ip-10-1-33-84 systemd: Starting libstoragemgmt plug-in server daemon...
Mar  5 15:16:37 ip-10-1-33-84 systemd: Starting Resets System Activity Logs...
Mar  5 15:16:37 ip-10-1-33-84 systemd: Started RPC bind service.
Mar  5 15:16:37 ip-10-1-33-84 systemd: Started Dump dmesg to /var/log/dmesg.
Mar  5 15:16:37 ip-10-1-33-84 systemd: Started Hardware RNG Entropy Gatherer Wake threshold service.
Mar  5 15:16:37 ip-10-1-33-84 systemd: Started Hardware RNG Entropy Gatherer Daemon.
Mar  5 15:16:37 ip-10-1-33-84 systemd: Starting Hardware RNG Entropy Gatherer Daemon...
Mar  5 15:16:37 ip-10-1-33-84 systemd: Started Login Service.
Mar  5 15:16:37 ip-10-1-33-84 systemd-logind: New seat seat0.
Mar  5 15:16:37 ip-10-1-33-84 systemd: Started ACPI Event Daemon.
Mar  5 15:16:37 ip-10-1-33-84 acpid: starting up with netlink and the input layer
Mar  5 15:16:37 ip-10-1-33-84 acpid: skipping incomplete file /etc/acpi/events/videoconf
Mar  5 15:16:37 ip-10-1-33-84 acpid: 2 rules loaded
Mar  5 15:16:37 ip-10-1-33-84 acpid: waiting for events: event logging is off
Mar  5 15:16:37 ip-10-1-33-84 systemd: Started Resets System Activity Logs.
Mar  5 15:16:37 ip-10-1-33-84 chronyd[1727]: chronyd version 3.5.1 starting (+CMDMON +NTP +REFCLOCK +RTC +PRIVDROP +SCFILTER +SIGND +ASYNCDNS +SECHASH +IPV6 +DEBUG)
Mar  5 15:16:37 ip-10-1-33-84 chronyd[1727]: Frequency 7.746 +/- 0.977 ppm read from /var/lib/chrony/drift
Mar  5 15:16:37 ip-10-1-33-84 systemd: Started NTP client/server.
Mar  5 15:16:37 ip-10-1-33-84 rngd: Disabling 5: JITTER Entropy generator (jitter)
Mar  5 15:16:37 ip-10-1-33-84 rngd: Initializing available sources
Mar  5 15:16:37 ip-10-1-33-84 rngd: Failed to init entropy source hwrng
Mar  5 15:16:37 ip-10-1-33-84 rngd: Enabling RDSEED rng support
Mar  5 15:16:37 ip-10-1-33-84 rngd: Initializing entropy source rdrand
Mar  5 15:16:37 ip-10-1-33-84 kernel: random: crng init done
Mar  5 15:16:37 ip-10-1-33-84 kernel: random: 7 urandom warning(s) missed due to ratelimiting
Mar  5 15:16:37 ip-10-1-33-84 systemd: Started GSSAPI Proxy Daemon.
Mar  5 15:16:37 ip-10-1-33-84 systemd: Reached target NFS client services.
Mar  5 15:16:37 ip-10-1-33-84 systemd: Starting NFS client services.
Mar  5 15:16:37 ip-10-1-33-84 systemd: Reached target Remote File Systems (Pre).
Mar  5 15:16:37 ip-10-1-33-84 systemd: Starting Remote File Systems (Pre).
Mar  5 15:16:37 ip-10-1-33-84 systemd: Reached target Remote File Systems.
Mar  5 15:16:37 ip-10-1-33-84 systemd: Starting Remote File Systems.
Mar  5 15:16:38 ip-10-1-33-84 cloud-init: Cloud-init v. 19.3-5.amzn2 running 'init-local' at Fri, 05 Mar 2021 15:16:38 +0000. Up 5.08 seconds.
Mar  5 15:16:38 ip-10-1-33-84 systemd: Started Initial cloud-init job (pre-networking).
Mar  5 15:16:38 ip-10-1-33-84 systemd: Reached target Network (Pre).
Mar  5 15:16:38 ip-10-1-33-84 systemd: Starting Network (Pre).
Mar  5 15:16:38 ip-10-1-33-84 systemd: Starting LSB: Bring up/down networking...
Mar  5 15:16:39 ip-10-1-33-84 network: Bringing up loopback interface:  [  OK  ]
Mar  5 15:16:39 ip-10-1-33-84 network: Bringing up interface eth0:
Mar  5 15:16:39 ip-10-1-33-84 kernel: ena 0000:00:05.0 eth0: Local page cache is disabled for less than 16 channels
Mar  5 15:16:39 ip-10-1-33-84 dhclient[1865]: DHCPDISCOVER on eth0 to 255.255.255.255 port 67 interval 7 (xid=0xfb8e1f6)
Mar  5 15:16:39 ip-10-1-33-84 dhclient[1865]: DHCPREQUEST on eth0 to 255.255.255.255 port 67 (xid=0xfb8e1f6)
Mar  5 15:16:39 ip-10-1-33-84 dhclient[1865]: DHCPOFFER from 10.1.32.1
Mar  5 15:16:39 ip-10-1-33-84 dhclient[1865]: DHCPACK from 10.1.32.1 (xid=0xfb8e1f6)
Mar  5 15:16:39 ip-10-1-33-84 NET[1914]: /usr/sbin/dhclient-script : updated /etc/resolv.conf
Mar  5 15:16:39 ip-10-1-33-84 dhclient[1865]: bound to 10.1.33.84 -- renewal in 1586 seconds.
Mar  5 15:16:39 ip-10-1-33-84 ec2net: [get_meta] Querying IMDS for meta-data/network/interfaces/macs/02:e6:35:85:19:fb/local-ipv4s
Mar  5 15:16:39 ip-10-1-33-84 ec2net: [get_meta] Getting token for IMDSv2.
Mar  5 15:16:39 ip-10-1-33-84 network: Determining IP information for eth0... done.
Mar  5 15:16:39 ip-10-1-33-84 ec2net: [get_meta] Trying to get http://169.254.169.254/latest/meta-data/network/interfaces/macs/02:e6:35:85:19:fb/local-ipv4s
Mar  5 15:16:39 ip-10-1-33-84 ec2net: [rewrite_aliases] Rewriting aliases of eth0
Mar  5 15:16:40 ip-10-1-33-84 network: Determining IPv6 information for eth0... done.
Mar  5 15:16:40 ip-10-1-33-84 network: [  OK  ]
Mar  5 15:16:40 ip-10-1-33-84 systemd: Started LSB: Bring up/down networking.
Mar  5 15:16:40 ip-10-1-33-84 systemd: Reached target Network.
Mar  5 15:16:40 ip-10-1-33-84 systemd: Starting Network.
Mar  5 15:16:40 ip-10-1-33-84 systemd: Starting Postfix Mail Transport Agent...
Mar  5 15:16:40 ip-10-1-33-84 systemd: Starting Initial cloud-init job (metadata service crawler)...
Mar  5 15:16:41 ip-10-1-33-84 cloud-init: Cloud-init v. 19.3-5.amzn2 running 'init' at Fri, 05 Mar 2021 15:16:41 +0000. Up 7.39 seconds.
Mar  5 15:16:41 ip-10-1-33-84 cloud-init: ci-info: ++++++++++++++++++++++++++++++++++++++Net device info++++++++++++++++++++++++++++++++++++++
Mar  5 15:16:41 ip-10-1-33-84 cloud-init: ci-info: +--------+------+----------------------------+---------------+--------+-------------------+
Mar  5 15:16:41 ip-10-1-33-84 cloud-init: ci-info: | Device |  Up  |          Address           |      Mask     | Scope  |     Hw-Address    |
Mar  5 15:16:41 ip-10-1-33-84 cloud-init: ci-info: +--------+------+----------------------------+---------------+--------+-------------------+
Mar  5 15:16:41 ip-10-1-33-84 cloud-init: ci-info: |  eth0  | True |         10.1.33.84         | 255.255.224.0 | global | 02:e6:35:85:19:fb |
Mar  5 15:16:41 ip-10-1-33-84 cloud-init: ci-info: |  eth0  | True | fe80::e6:35ff:fe85:19fb/64 |       .       |  link  | 02:e6:35:85:19:fb |
Mar  5 15:16:41 ip-10-1-33-84 cloud-init: ci-info: |   lo   | True |         127.0.0.1          |   255.0.0.0   |  host  |         .         |
Mar  5 15:16:41 ip-10-1-33-84 cloud-init: ci-info: |   lo   | True |          ::1/128           |       .       |  host  |         .         |
Mar  5 15:16:41 ip-10-1-33-84 cloud-init: ci-info: +--------+------+----------------------------+---------------+--------+-------------------+
Mar  5 15:16:41 ip-10-1-33-84 cloud-init: ci-info: +++++++++++++++++++++++++++++++Route IPv4 info+++++++++++++++++++++++++++++++
Mar  5 15:16:41 ip-10-1-33-84 cloud-init: ci-info: +-------+-----------------+-----------+-----------------+-----------+-------+
Mar  5 15:16:41 ip-10-1-33-84 cloud-init: ci-info: | Route |   Destination   |  Gateway  |     Genmask     | Interface | Flags |
Mar  5 15:16:41 ip-10-1-33-84 cloud-init: ci-info: +-------+-----------------+-----------+-----------------+-----------+-------+
Mar  5 15:16:41 ip-10-1-33-84 cloud-init: ci-info: |   0   |     0.0.0.0     | 10.1.32.1 |     0.0.0.0     |    eth0   |   UG  |
Mar  5 15:16:41 ip-10-1-33-84 cloud-init: ci-info: |   1   |    10.1.32.0    |  0.0.0.0  |  255.255.224.0  |    eth0   |   U   |
Mar  5 15:16:41 ip-10-1-33-84 cloud-init: ci-info: |   2   | 169.254.169.254 |  0.0.0.0  | 255.255.255.255 |    eth0   |   UH  |
Mar  5 15:16:41 ip-10-1-33-84 cloud-init: ci-info: +-------+-----------------+-----------+-----------------+-----------+-------+
Mar  5 15:16:41 ip-10-1-33-84 cloud-init: ci-info: +++++++++++++++++++Route IPv6 info+++++++++++++++++++
Mar  5 15:16:41 ip-10-1-33-84 cloud-init: ci-info: +-------+-------------+---------+-----------+-------+
Mar  5 15:16:41 ip-10-1-33-84 cloud-init: ci-info: | Route | Destination | Gateway | Interface | Flags |
Mar  5 15:16:41 ip-10-1-33-84 cloud-init: ci-info: +-------+-------------+---------+-----------+-------+
Mar  5 15:16:41 ip-10-1-33-84 cloud-init: ci-info: |   9   |  fe80::/64  |    ::   |    eth0   |   U   |
Mar  5 15:16:41 ip-10-1-33-84 cloud-init: ci-info: |   11  |    local    |    ::   |    eth0   |   U   |
Mar  5 15:16:41 ip-10-1-33-84 cloud-init: ci-info: |   12  |   ff00::/8  |    ::   |    eth0   |   U   |
Mar  5 15:16:41 ip-10-1-33-84 cloud-init: ci-info: +-------+-------------+---------+-----------+-------+
Mar  5 15:16:41 ip-10-1-33-84 dhclient[2051]: XMT: Solicit on eth0, interval 1070ms.
Mar  5 15:16:41 ip-10-1-33-84 systemd: Started Postfix Mail Transport Agent.
Mar  5 15:16:41 ip-10-1-33-84 dbus[1696]: [system] Activating via systemd: service name='org.freedesktop.hostname1' unit='dbus-org.freedesktop.hostname1.service'
Mar  5 15:16:41 ip-10-1-33-84 systemd: Starting Hostname Service...
Mar  5 15:16:41 ip-10-1-33-84 dbus[1696]: [system] Successfully activated service 'org.freedesktop.hostname1'
Mar  5 15:16:41 ip-10-1-33-84 systemd-hostnamed: Changed static host name to 'ip-10-1-33-84.us-west-2.compute.internal'
Mar  5 15:16:41 ip-10-1-33-84 systemd: Started Hostname Service.
Mar  5 15:16:41 ip-10-1-33-84 systemd-hostnamed: Changed host name to 'ip-10-1-33-84.us-west-2.compute.internal'
Mar  5 15:16:41 ip-10-1-33-84 systemd: Started Initial cloud-init job (metadata service crawler).
Mar  5 15:16:41 ip-10-1-33-84 systemd: Reached target Cloud-config availability.
Mar  5 15:16:41 ip-10-1-33-84 systemd: Starting Cloud-config availability.
Mar  5 15:16:41 ip-10-1-33-84 systemd: Starting Permit User Sessions...
Mar  5 15:16:41 ip-10-1-33-84 systemd: Reached target Network is Online.
Mar  5 15:16:41 ip-10-1-33-84 systemd: Starting Network is Online.
Mar  5 15:16:41 ip-10-1-33-84 systemd: Starting System Logging Service...
Mar  5 15:16:41 ip-10-1-33-84 systemd: Starting Notify NFS peers of a restart...
Mar  5 15:16:41 ip-10-1-33-84 systemd: Starting Finds and configures elastic network interfaces...
Mar  5 15:16:41 ip-10-1-33-84 systemd: Starting Dynamically Generate Message Of The Day...
Mar  5 15:16:41 ip-10-1-33-84 systemd: Started amazon-ssm-agent.
Mar  5 15:16:41 ip-10-1-33-84 systemd: Starting amazon-ssm-agent...
Mar  5 15:16:41 ip-10-1-33-84 systemd: Starting Apply the settings specified in cloud-config...
Mar  5 15:16:41 ip-10-1-33-84 systemd: Starting OpenSSH Server Key Generation...
Mar  5 15:16:41 ip-10-1-33-84 systemd: Started Permit User Sessions.
Mar  5 15:16:41 ip-10-1-33-84 systemd: Starting Wait for Plymouth Boot Screen to Quit...
Mar  5 15:16:41 ip-10-1-33-84 systemd: Starting Terminate Plymouth Boot Screen...
Mar  5 15:16:41 ip-10-1-33-84 sm-notify[2289]: Version 1.3.0 starting
Mar  5 15:16:41 ip-10-1-33-84 systemd: Started Command Scheduler.
Mar  5 15:16:41 ip-10-1-33-84 systemd: Starting Command Scheduler...
Mar  5 15:16:41 ip-10-1-33-84 ec2net: [ec2ifscan] Scanning for unconfigured interfaces
Mar  5 15:16:41 ip-10-1-33-84 systemd: Started Job spooling tools.
Mar  5 15:16:41 ip-10-1-33-84 systemd: Starting Job spooling tools...
Mar  5 15:16:41 ip-10-1-33-84 systemd: Started Notify NFS peers of a restart.
Mar  5 15:16:42 ip-10-1-33-84 systemd: Started Dynamically Generate Message Of The Day.
Mar  5 15:16:42 ip-10-1-33-84 systemd: Started Finds and configures elastic network interfaces.
Mar  5 15:16:42 ip-10-1-33-84 rsyslogd: [origin software="rsyslogd" swVersion="8.24.0-52.amzn2" x-pid="2288" x-info="http://www.rsyslog.com"] start
Mar  5 15:16:42 ip-10-1-33-84 systemd: Started System Logging Service.
Mar  5 15:16:42 ip-10-1-33-84 systemd: Received SIGRTMIN+21 from PID 1546 (plymouthd).
Mar  5 15:16:42 ip-10-1-33-84 systemd: Started Wait for Plymouth Boot Screen to Quit.
Mar  5 15:16:42 ip-10-1-33-84 systemd: Started Terminate Plymouth Boot Screen.
Mar  5 15:16:42 ip-10-1-33-84 systemd: Started Getty on tty1.
Mar  5 15:16:42 ip-10-1-33-84 systemd: Starting Getty on tty1...
Mar  5 15:16:42 ip-10-1-33-84 systemd: Started Serial Getty on ttyS0.
Mar  5 15:16:42 ip-10-1-33-84 systemd: Starting Serial Getty on ttyS0...
Mar  5 15:16:42 ip-10-1-33-84 systemd: Reached target Login Prompts.
Mar  5 15:16:42 ip-10-1-33-84 systemd: Starting Login Prompts.
Mar  5 15:16:42 ip-10-1-33-84 sshd-keygen: Generating SSH2 RSA host key: [  OK  ]
Mar  5 15:16:42 ip-10-1-33-84 sshd-keygen: Generating SSH2 ECDSA host key: [  OK  ]
Mar  5 15:16:42 ip-10-1-33-84 sshd-keygen: Generating SSH2 ED25519 host key: [  OK  ]
Mar  5 15:16:42 ip-10-1-33-84 systemd: Started OpenSSH Server Key Generation.
Mar  5 15:16:42 ip-10-1-33-84 systemd: Starting EC2 Instance Connect Host Key Harvesting...
Mar  5 15:16:42 ip-10-1-33-84 amazon-ssm-agent: Error occurred fetching the seelog config file path:  open /etc/amazon/ssm/seelog.xml: no such file or directory
Mar  5 15:16:42 ip-10-1-33-84 amazon-ssm-agent: Initializing new seelog logger
Mar  5 15:16:42 ip-10-1-33-84 amazon-ssm-agent: New Seelog Logger Creation Complete
Mar  5 15:16:42 ip-10-1-33-84 cloud-init: Cloud-init v. 19.3-5.amzn2 running 'modules:config' at Fri, 05 Mar 2021 15:16:42 +0000. Up 8.50 seconds.
Mar  5 15:16:42 ip-10-1-33-84 systemd: Started Apply the settings specified in cloud-config.
Mar  5 15:16:42 ip-10-1-33-84 systemd: Starting Initial hibernation setup job...
Mar  5 15:16:42 ip-10-1-33-84 systemd: Starting Execute cloud user/final scripts...
Mar  5 15:16:42 ip-10-1-33-84 systemd: Started EC2 Instance Connect Host Key Harvesting.
Mar  5 15:16:42 ip-10-1-33-84 systemd: Starting OpenSSH server daemon...
Mar  5 15:16:42 ip-10-1-33-84 dhclient[2051]: XMT: Solicit on eth0, interval 2040ms.
Mar  5 15:16:42 ip-10-1-33-84 systemd: Started OpenSSH server daemon.
Mar  5 15:16:42 ip-10-1-33-84 systemd: Reached target Multi-User System.
Mar  5 15:16:42 ip-10-1-33-84 systemd: Starting Multi-User System.
Mar  5 15:16:42 ip-10-1-33-84 systemd: Reached target aws-eb.target.
Mar  5 15:16:42 ip-10-1-33-84 systemd: Starting aws-eb.target.
Mar  5 15:16:42 ip-10-1-33-84 systemd: Reached target Graphical Interface.
Mar  5 15:16:42 ip-10-1-33-84 systemd: Starting Graphical Interface.
Mar  5 15:16:42 ip-10-1-33-84 systemd: Starting Update UTMP about System Runlevel Changes...
Mar  5 15:16:42 ip-10-1-33-84 systemd: Started Update UTMP about System Runlevel Changes.
Mar  5 15:16:42 ip-10-1-33-84 hibinit-agent: Effective config: {'grub_update': True, 'swap_percentage': 100, 'log_to_syslog': True, 'touch_swap': False, 'state_dir': '/var/lib/hibinit-agent', 'swapoff': 'swapoff {swapfile}', 'mkswap': 'mkswap {swapfile}', 'swapon': 'swapon {swapfile}', 'swap_mb': 4000}
Mar  5 15:16:42 ip-10-1-33-84 hibinit-agent: Requesting new IMDSv2 token.
Mar  5 15:16:42 ip-10-1-33-84 hibinit-agent: Instance Launch has not enabled Hibernation Configured Flag. hibinit-agent exiting!!
Mar  5 15:16:42 ip-10-1-33-84 systemd: Stopping ACPI Event Daemon...
Mar  5 15:16:42 ip-10-1-33-84 acpid: exiting
Mar  5 15:16:42 ip-10-1-33-84 systemd: Starting ACPI Event Daemon...
Mar  5 15:16:42 ip-10-1-33-84 cloud-init: Cloud-init v. 19.3-5.amzn2 running 'modules:final' at Fri, 05 Mar 2021 15:16:42 +0000. Up 8.87 seconds.
Mar  5 15:16:42 ip-10-1-33-84 systemd: Started ACPI Event Daemon.
Mar  5 15:16:42 ip-10-1-33-84 acpid: starting up with netlink and the input layer
Mar  5 15:16:42 ip-10-1-33-84 acpid: skipping incomplete file /etc/acpi/events/videoconf
Mar  5 15:16:42 ip-10-1-33-84 acpid: 2 rules loaded
Mar  5 15:16:42 ip-10-1-33-84 acpid: waiting for events: event logging is off
Mar  5 15:16:42 ip-10-1-33-84 systemd: Started Initial hibernation setup job.
Mar  5 15:16:42 ip-10-1-33-84 [eb-cfn-init]: [2021-03-05T15:16:42Z] Started EB User Data
Mar  5 15:16:42 ip-10-1-33-84 [eb-cfn-init]: + SLEEP_TIME=10
Mar  5 15:16:42 ip-10-1-33-84 [eb-cfn-init]: + SLEEP_TIME_MAX=3600
Mar  5 15:16:42 ip-10-1-33-84 [eb-cfn-init]: + true
Mar  5 15:16:42 ip-10-1-33-84 [eb-cfn-init]: + curl https://elasticbeanstalk-platform-assets-us-west-2.s3.us-west-2.amazonaws.com/stalks/eb_corretto11_amazon_linux_2_1.0.1952.0_20210225043135/lib/UserDataScript.sh
Mar  5 15:16:42 ip-10-1-33-84 [eb-cfn-init]:  % Total    % Received % Xferd  Average Speed   Time    Time     Time  Current
Mar  5 15:16:42 ip-10-1-33-84 [eb-cfn-init]:                                 Dload  Upload   Total   Spent    Left  Speed
Mar  5 15:16:42 ip-10-1-33-84 [eb-cfn-init]: #015  0     0    0     0    0     0      0      0 --:--:-- --:--:-- --:--:--     0#015100  4327  100  4327    0     0  96155      0 --:--:-- --:--:-- --:--:-- 96155
Mar  5 15:16:42 ip-10-1-33-84 [eb-cfn-init]: + RESULT=0
Mar  5 15:16:42 ip-10-1-33-84 [eb-cfn-init]: + [[ 0 -ne 0 ]]
Mar  5 15:16:42 ip-10-1-33-84 [eb-cfn-init]: + SLEEP_TIME=2
Mar  5 15:16:42 ip-10-1-33-84 [eb-cfn-init]: + /bin/bash /tmp/ebbootstrap.sh 'https://cloudformation-waitcondition-us-west-2.s3-us-west-2.amazonaws.com/arn%3Aaws%3Acloudformation%3Aus-west-2%3A375215620020%3Astack/awseb-e-5mp5kqxi5i-stack/a711c100-7dc5-11eb-b264-0a4496d1441f/AWSEBInstanceLaunchWaitHandle?X-Amz-Algorithm=AWS4-HMAC-SHA256&X-Amz-Date=20210305T151548Z&X-Amz-SignedHeaders=host&X-Amz-Expires=86399&X-Amz-Credential=AKIAJBJSWSW6NLR67N6A%2F20210305%2Fus-west-2%2Fs3%2Faws4_request&X-Amz-Signature=620149175fe9d300a9fc7886b640a4178e7260ea8820c84f404ebfbaf2e1d138' arn:aws:cloudformation:us-west-2:375215620020:stack/awseb-e-5mp5kqxi5i-stack/a711c100-7dc5-11eb-b264-0a4496d1441f 11ac6c54-e19c-4b68-9771-5d64133acc75 https://elasticbeanstalk-health.us-west-2.amazonaws.com '' https://elasticbeanstalk-platform-assets-us-west-2.s3.us-west-2.amazonaws.com/stalks/eb_corretto11_amazon_linux_2_1.0.1952.0_20210225043135/lib/platform-engine.zip us-west-2
Mar  5 15:16:42 ip-10-1-33-84 [eb-cfn-init]: [2021-03-05T15:16:42.775Z] Started EB Bootstrapping Script.
Mar  5 15:16:42 ip-10-1-33-84 [eb-cfn-init]: [2021-03-05T15:16:42.779Z] Received parameters:
Mar  5 15:16:42 ip-10-1-33-84 [eb-cfn-init]: RPMS =
Mar  5 15:16:42 ip-10-1-33-84 [eb-cfn-init]: TARBALLS =
Mar  5 15:16:42 ip-10-1-33-84 [eb-cfn-init]: EB_GEMS =
Mar  5 15:16:42 ip-10-1-33-84 [eb-cfn-init]: SIGNAL_URL = https://cloudformation-waitcondition-us-west-2.s3-us-west-2.amazonaws.com/arn%3Aaws%3Acloudformation%3Aus-west-2%3A375215620020%3Astack/awseb-e-5mp5kqxi5i-stack/a711c100-7dc5-11eb-b264-0a4496d1441f/AWSEBInstanceLaunchWaitHandle?X-Amz-Algorithm=AWS4-HMAC-SHA256&X-Amz-Date=20210305T151548Z&X-Amz-SignedHeaders=host&X-Amz-Expires=86399&X-Amz-Credential=AKIAJBJSWSW6NLR67N6A%2F20210305%2Fus-west-2%2Fs3%2Faws4_request&X-Amz-Signature=620149175fe9d300a9fc7886b640a4178e7260ea8820c84f404ebfbaf2e1d138
Mar  5 15:16:42 ip-10-1-33-84 [eb-cfn-init]: STACK_ID = arn:aws:cloudformation:us-west-2:375215620020:stack/awseb-e-5mp5kqxi5i-stack/a711c100-7dc5-11eb-b264-0a4496d1441f
Mar  5 15:16:42 ip-10-1-33-84 [eb-cfn-init]: REGION = us-west-2
Mar  5 15:16:42 ip-10-1-33-84 [eb-cfn-init]: GUID =
Mar  5 15:16:42 ip-10-1-33-84 [eb-cfn-init]: HEALTHD_GROUP_ID = 11ac6c54-e19c-4b68-9771-5d64133acc75
Mar  5 15:16:42 ip-10-1-33-84 [eb-cfn-init]: HEALTHD_ENDPOINT = https://elasticbeanstalk-health.us-west-2.amazonaws.com
Mar  5 15:16:42 ip-10-1-33-84 [eb-cfn-init]: PROXY_SERVER =
Mar  5 15:16:42 ip-10-1-33-84 [eb-cfn-init]: HEALTHD_PROXY_LOG_LOCATION =
Mar  5 15:16:42 ip-10-1-33-84 [eb-cfn-init]: ENGINE_URL = https://elasticbeanstalk-platform-assets-us-west-2.s3.us-west-2.amazonaws.com/stalks/eb_corretto11_amazon_linux_2_1.0.1952.0_20210225043135/lib/platform-engine.zip
Mar  5 15:16:42 ip-10-1-33-84 [eb-cfn-init]: [2021-03-05T15:16:42.788Z] first init of instance.
Mar  5 15:16:42 ip-10-1-33-84 [eb-cfn-init]: [2021-03-05T15:16:42.790Z] Started executing cfn_init _OnInstanceBoot.
Mar  5 15:16:42 ip-10-1-33-84 [eb-cfn-init]: [2021-03-05T15:16:42.791Z] Running cfn-init ConfigSet: _OnInstanceBoot.
Mar  5 15:16:42 ip-10-1-33-84 [eb-cfn-init]: [2021-03-05T15:16:42.800Z] Using stack-id from userdata
Mar  5 15:16:44 ip-10-1-33-84 chronyd[1727]: Selected source 169.254.169.123
Mar  5 15:16:44 ip-10-1-33-84 amazon-ssm-agent: 2021-03-05 15:16:44 INFO [amazon-ssm-agent] [SelfUpdate] Initializing self update ...
Mar  5 15:16:44 ip-10-1-33-84 amazon-ssm-agent: 2021-03-05 15:16:44 INFO [amazon-ssm-agent] Starting Core Agent: amazon-ssm-agent - v3.0.161.0
Mar  5 15:16:44 ip-10-1-33-84 dhclient[2051]: XMT: Solicit on eth0, interval 4260ms.
Mar  5 15:16:44 ip-10-1-33-84 amazon-ssm-agent: 2021-03-05 15:16:44 INFO [amazon-ssm-agent] OS: linux, Arch: amd64
Mar  5 15:16:46 ip-10-1-33-84 amazon-ssm-agent: 2021-03-05 15:16:46 INFO [amazon-ssm-agent] [LongRunningWorkerContainer] [WorkerProvider] Worker ssm-agent-worker is not running, starting worker process
Mar  5 15:16:46 ip-10-1-33-84 amazon-ssm-agent: 2021-03-05 15:16:46 INFO [amazon-ssm-agent] [LongRunningWorkerContainer] [WorkerProvider] Worker ssm-agent-worker (pid:2494) started
Mar  5 15:16:46 ip-10-1-33-84 amazon-ssm-agent: 2021-03-05 15:16:46 INFO [amazon-ssm-agent] [LongRunningWorkerContainer] Monitor long running worker health every 60 seconds
Mar  5 15:16:48 ip-10-1-33-84 dhclient[2051]: XMT: Solicit on eth0, interval 8740ms.
Mar  5 15:16:57 ip-10-1-33-84 dhclient[2051]: XMT: Solicit on eth0, interval 17190ms.
Mar  5 15:17:09 ip-10-1-33-84 systemd: Stopping amazon-ssm-agent...
Mar  5 15:17:09 ip-10-1-33-84 amazon-ssm-agent: 2021-03-05 15:17:09 INFO [amazon-ssm-agent] Got signal:terminated value:0x564df9fd0a30
Mar  5 15:17:09 ip-10-1-33-84 amazon-ssm-agent: 2021-03-05 15:17:09 INFO [amazon-ssm-agent] Stopping Core Agent
Mar  5 15:17:09 ip-10-1-33-84 amazon-ssm-agent: 2021-03-05 15:17:09 INFO [amazon-ssm-agent] [LongRunningWorkerContainer] Receiving stop signal, stop worker monitor
Mar  5 15:17:14 ip-10-1-33-84 dhclient[2051]: XMT: Solicit on eth0, interval 32780ms.
Mar  5 15:17:15 ip-10-1-33-84 [eb-cfn-init]: [2021-03-05T15:17:15.006Z] Command Returned:
Mar  5 15:17:15 ip-10-1-33-84 [eb-cfn-init]: [2021-03-05T15:17:15.008Z] Completed executing cfn_init.
Mar  5 15:17:15 ip-10-1-33-84 [eb-cfn-init]: [2021-03-05T15:17:15.011Z] finished _OnInstanceBoot
Mar  5 15:17:15 ip-10-1-33-84 [eb-cfn-init]: --2021-03-05 15:17:15--  https://elasticbeanstalk-platform-assets-us-west-2.s3.us-west-2.amazonaws.com/stalks/eb_corretto11_amazon_linux_2_1.0.1952.0_20210225043135/lib/platform-engine.zip
Mar  5 15:17:15 ip-10-1-33-84 [eb-cfn-init]: Resolving elasticbeanstalk-platform-assets-us-west-2.s3.us-west-2.amazonaws.com (elasticbeanstalk-platform-assets-us-west-2.s3.us-west-2.amazonaws.com)... 52.218.247.209
Mar  5 15:17:15 ip-10-1-33-84 [eb-cfn-init]: Connecting to elasticbeanstalk-platform-assets-us-west-2.s3.us-west-2.amazonaws.com (elasticbeanstalk-platform-assets-us-west-2.s3.us-west-2.amazonaws.com)|52.218.247.209|:443... connected.
Mar  5 15:17:15 ip-10-1-33-84 [eb-cfn-init]: HTTP request sent, awaiting response... 200 OK
Mar  5 15:17:15 ip-10-1-33-84 [eb-cfn-init]: Length: 20554014 (20M) [application/zip]
Mar  5 15:17:15 ip-10-1-33-84 [eb-cfn-init]: Saving to: â€˜/tmp/platform-engine.zipâ€™
Mar  5 15:17:15 ip-10-1-33-84 [eb-cfn-init]: 
Mar  5 15:17:15 ip-10-1-33-84 [eb-cfn-init]:     0K .......... .......... .......... .......... ..........  0% 21.0M 1s
Mar  5 15:17:15 ip-10-1-33-84 [eb-cfn-init]:    50K .......... .......... .......... .......... ..........  0% 30.4M 1s
Mar  5 15:17:15 ip-10-1-33-84 [eb-cfn-init]:   100K .......... .......... .......... .......... ..........  0% 3.34M 2s
Mar  5 15:17:15 ip-10-1-33-84 [eb-cfn-init]:   150K .......... .......... .......... .......... ..........  0% 29.4M 2s
Mar  5 15:17:15 ip-10-1-33-84 [eb-cfn-init]:   200K .......... .......... .......... .......... ..........  1% 35.7M 2s
Mar  5 15:17:15 ip-10-1-33-84 [eb-cfn-init]:   250K .......... .......... .......... .......... ..........  1% 37.7M 2s
Mar  5 15:17:15 ip-10-1-33-84 [eb-cfn-init]:   300K .......... .......... .......... .......... ..........  1% 37.1M 1s
Mar  5 15:17:15 ip-10-1-33-84 [eb-cfn-init]:   350K .......... .......... .......... .......... ..........  1% 37.0M 1s
Mar  5 15:17:15 ip-10-1-33-84 [eb-cfn-init]:   400K .......... .......... .......... .......... ..........  2% 37.0M 1s
Mar  5 15:17:15 ip-10-1-33-84 [eb-cfn-init]:   450K .......... .......... .......... .......... ..........  2% 36.3M 1s
Mar  5 15:17:15 ip-10-1-33-84 [eb-cfn-init]:   500K .......... .......... .......... .......... ..........  2% 22.8M 1s
Mar  5 15:17:15 ip-10-1-33-84 [eb-cfn-init]:   550K .......... .......... .......... .......... ..........  2% 31.3M 1s
Mar  5 15:17:15 ip-10-1-33-84 [eb-cfn-init]:   600K .......... .......... .......... .......... ..........  3% 32.3M 1s
Mar  5 15:17:15 ip-10-1-33-84 [eb-cfn-init]:   650K .......... .......... .......... .......... ..........  3% 32.6M 1s
Mar  5 15:17:15 ip-10-1-33-84 [eb-cfn-init]:   700K .......... .......... .......... .......... ..........  3% 31.4M 1s
Mar  5 15:17:15 ip-10-1-33-84 [eb-cfn-init]:   750K .......... .......... .......... .......... ..........  3% 36.5M 1s
Mar  5 15:17:15 ip-10-1-33-84 [eb-cfn-init]:   800K .......... .......... .......... .......... ..........  4% 36.7M 1s
Mar  5 15:17:15 ip-10-1-33-84 [eb-cfn-init]:   850K .......... .......... .......... .......... ..........  4% 35.4M 1s
Mar  5 15:17:15 ip-10-1-33-84 [eb-cfn-init]:   900K .......... .......... .......... .......... ..........  4% 36.9M 1s
Mar  5 15:17:15 ip-10-1-33-84 [eb-cfn-init]:   950K .......... .......... .......... .......... ..........  4% 36.2M 1s
Mar  5 15:17:15 ip-10-1-33-84 [eb-cfn-init]:  1000K .......... .......... .......... .......... ..........  5% 24.5M 1s
Mar  5 15:17:15 ip-10-1-33-84 [eb-cfn-init]:  1050K .......... .......... .......... .......... ..........  5% 32.4M 1s
Mar  5 15:17:15 ip-10-1-33-84 [eb-cfn-init]:  1100K .......... .......... .......... .......... ..........  5% 31.8M 1s
Mar  5 15:17:15 ip-10-1-33-84 [eb-cfn-init]:  1150K .......... .......... .......... .......... ..........  5% 32.3M 1s
Mar  5 15:17:15 ip-10-1-33-84 [eb-cfn-init]:  1200K .......... .......... .......... .......... ..........  6% 31.1M 1s
Mar  5 15:17:15 ip-10-1-33-84 [eb-cfn-init]:  1250K .......... .......... .......... .......... ..........  6%  223M 1s
Mar  5 15:17:15 ip-10-1-33-84 [eb-cfn-init]:  1300K .......... .......... .......... .......... ..........  6%  241M 1s
Mar  5 15:17:15 ip-10-1-33-84 [eb-cfn-init]:  1350K .......... .......... .......... .......... ..........  6%  237M 1s
Mar  5 15:17:15 ip-10-1-33-84 [eb-cfn-init]:  1400K .......... .......... .......... .......... ..........  7%  234M 1s
Mar  5 15:17:15 ip-10-1-33-84 [eb-cfn-init]:  1450K .......... .......... .......... .......... ..........  7%  241M 1s
Mar  5 15:17:15 ip-10-1-33-84 [eb-cfn-init]:  1500K .......... .......... .......... .......... ..........  7%  285M 1s
Mar  5 15:17:15 ip-10-1-33-84 [eb-cfn-init]:  1550K .......... .......... .......... .......... ..........  7%  273M 1s
Mar  5 15:17:15 ip-10-1-33-84 [eb-cfn-init]:  1600K .......... .......... .......... .......... ..........  8%  237M 1s
Mar  5 15:17:15 ip-10-1-33-84 [eb-cfn-init]:  1650K .......... .......... .......... .......... ..........  8%  259M 1s
Mar  5 15:17:15 ip-10-1-33-84 [eb-cfn-init]:  1700K .......... .......... .......... .......... ..........  8%  245M 1s
Mar  5 15:17:15 ip-10-1-33-84 [eb-cfn-init]:  1750K .......... .......... .......... .......... ..........  8%  252M 1s
Mar  5 15:17:15 ip-10-1-33-84 [eb-cfn-init]:  1800K .......... .......... .......... .......... ..........  9%  268M 1s
Mar  5 15:17:15 ip-10-1-33-84 [eb-cfn-init]:  1850K .......... .......... .......... .......... ..........  9%  250M 1s
Mar  5 15:17:15 ip-10-1-33-84 [eb-cfn-init]:  1900K .......... .......... .......... .......... ..........  9%  236M 1s
Mar  5 15:17:15 ip-10-1-33-84 [eb-cfn-init]:  1950K .......... .......... .......... .......... ..........  9%  260M 0s
Mar  5 15:17:15 ip-10-1-33-84 [eb-cfn-init]:  2000K .......... .......... .......... .......... .......... 10%  256M 0s
Mar  5 15:17:15 ip-10-1-33-84 [eb-cfn-init]:  2050K .......... .......... .......... .......... .......... 10%  244M 0s
Mar  5 15:17:15 ip-10-1-33-84 [eb-cfn-init]:  2100K .......... .......... .......... .......... .......... 10%  263M 0s
Mar  5 15:17:15 ip-10-1-33-84 [eb-cfn-init]:  2150K .......... .......... .......... .......... .......... 10%  261M 0s
Mar  5 15:17:15 ip-10-1-33-84 [eb-cfn-init]:  2200K .......... .......... .......... .......... .......... 11%  246M 0s
Mar  5 15:17:15 ip-10-1-33-84 [eb-cfn-init]:  2250K .......... .......... .......... .......... .......... 11% 20.4M 0s
Mar  5 15:17:15 ip-10-1-33-84 [eb-cfn-init]:  2300K .......... .......... .......... .......... .......... 11%  347M 0s
Mar  5 15:17:15 ip-10-1-33-84 [eb-cfn-init]:  2350K .......... .......... .......... .......... .......... 11%  397M 0s
Mar  5 15:17:15 ip-10-1-33-84 [eb-cfn-init]:  2400K .......... .......... .......... .......... .......... 12%  406M 0s
Mar  5 15:17:15 ip-10-1-33-84 [eb-cfn-init]:  2450K .......... .......... .......... .......... .......... 12%  365M 0s
Mar  5 15:17:15 ip-10-1-33-84 [eb-cfn-init]:  2500K .......... .......... .......... .......... .......... 12%  300M 0s
Mar  5 15:17:15 ip-10-1-33-84 [eb-cfn-init]:  2550K .......... .......... .......... .......... .......... 12%  322M 0s
Mar  5 15:17:15 ip-10-1-33-84 [eb-cfn-init]:  2600K .......... .......... .......... .......... .......... 13%  318M 0s
Mar  5 15:17:15 ip-10-1-33-84 [eb-cfn-init]:  2650K .......... .......... .......... .......... .......... 13% 42.1M 0s
Mar  5 15:17:15 ip-10-1-33-84 [eb-cfn-init]:  2700K .......... .......... .......... .......... .......... 13%  107M 0s
Mar  5 15:17:15 ip-10-1-33-84 [eb-cfn-init]:  2750K .......... .......... .......... .......... .......... 13%  118M 0s
Mar  5 15:17:15 ip-10-1-33-84 [eb-cfn-init]:  2800K .......... .......... .......... .......... .......... 14%  167M 0s
Mar  5 15:17:15 ip-10-1-33-84 [eb-cfn-init]:  2850K .......... .......... .......... .......... .......... 14%  123M 0s
Mar  5 15:17:15 ip-10-1-33-84 [eb-cfn-init]:  2900K .......... .......... .......... .......... .......... 14%  155M 0s
Mar  5 15:17:15 ip-10-1-33-84 [eb-cfn-init]:  2950K .......... .......... .......... .......... .......... 14%  251M 0s
Mar  5 15:17:15 ip-10-1-33-84 [eb-cfn-init]:  3000K .......... .......... .......... .......... .......... 15%  232M 0s
Mar  5 15:17:15 ip-10-1-33-84 [eb-cfn-init]:  3050K .......... .......... .......... .......... .......... 15%  237M 0s
Mar  5 15:17:15 ip-10-1-33-84 [eb-cfn-init]:  3100K .......... .......... .......... .......... .......... 15%  286M 0s
Mar  5 15:17:15 ip-10-1-33-84 [eb-cfn-init]:  3150K .......... .......... .......... .......... .......... 15%  263M 0s
Mar  5 15:17:15 ip-10-1-33-84 [eb-cfn-init]:  3200K .......... .......... .......... .......... .......... 16%  265M 0s
Mar  5 15:17:15 ip-10-1-33-84 [eb-cfn-init]:  3250K .......... .......... .......... .......... .......... 16%  242M 0s
Mar  5 15:17:15 ip-10-1-33-84 [eb-cfn-init]:  3300K .......... .......... .......... .......... .......... 16%  247M 0s
Mar  5 15:17:15 ip-10-1-33-84 [eb-cfn-init]:  3350K .......... .......... .......... .......... .......... 16%  269M 0s
Mar  5 15:17:15 ip-10-1-33-84 [eb-cfn-init]:  3400K .......... .......... .......... .......... .......... 17%  240M 0s
Mar  5 15:17:15 ip-10-1-33-84 [eb-cfn-init]:  3450K .......... .......... .......... .......... .......... 17%  277M 0s
Mar  5 15:17:15 ip-10-1-33-84 [eb-cfn-init]:  3500K .......... .......... .......... .......... .......... 17%  266M 0s
Mar  5 15:17:15 ip-10-1-33-84 [eb-cfn-init]:  3550K .......... .......... .......... .......... .......... 17%  231M 0s
Mar  5 15:17:15 ip-10-1-33-84 [eb-cfn-init]:  3600K .......... .......... .......... .......... .......... 18%  216M 0s
Mar  5 15:17:15 ip-10-1-33-84 [eb-cfn-init]:  3650K .......... .......... .......... .......... .......... 18% 87.8M 0s
Mar  5 15:17:15 ip-10-1-33-84 [eb-cfn-init]:  3700K .......... .......... .......... .......... .......... 18%  174M 0s
Mar  5 15:17:15 ip-10-1-33-84 [eb-cfn-init]:  3750K .......... .......... .......... .......... .......... 18%  202M 0s
Mar  5 15:17:15 ip-10-1-33-84 [eb-cfn-init]:  3800K .......... .......... .......... .......... .......... 19%  168M 0s
Mar  5 15:17:15 ip-10-1-33-84 [eb-cfn-init]:  3850K .......... .......... .......... .......... .......... 19%  172M 0s
Mar  5 15:17:15 ip-10-1-33-84 [eb-cfn-init]:  3900K .......... .......... .......... .......... .......... 19%  158M 0s
Mar  5 15:17:15 ip-10-1-33-84 [eb-cfn-init]:  3950K .......... .......... .......... .......... .......... 19%  182M 0s
Mar  5 15:17:15 ip-10-1-33-84 [eb-cfn-init]:  4000K .......... .......... .......... .......... .......... 20%  190M 0s
Mar  5 15:17:15 ip-10-1-33-84 [eb-cfn-init]:  4050K .......... .......... .......... .......... .......... 20%  182M 0s
Mar  5 15:17:15 ip-10-1-33-84 [eb-cfn-init]:  4100K .......... .......... .......... .......... .......... 20%  198M 0s
Mar  5 15:17:15 ip-10-1-33-84 [eb-cfn-init]:  4150K .......... .......... .......... .......... .......... 20%  142M 0s
Mar  5 15:17:15 ip-10-1-33-84 [eb-cfn-init]:  4200K .......... .......... .......... .......... .......... 21%  168M 0s
Mar  5 15:17:15 ip-10-1-33-84 [eb-cfn-init]:  4250K .......... .......... .......... .......... .......... 21%  161M 0s
Mar  5 15:17:15 ip-10-1-33-84 [eb-cfn-init]:  4300K .......... .......... .......... .......... .......... 21%  233M 0s
Mar  5 15:17:15 ip-10-1-33-84 [eb-cfn-init]:  4350K .......... .......... .......... .......... .......... 21%  183M 0s
Mar  5 15:17:15 ip-10-1-33-84 [eb-cfn-init]:  4400K .......... .......... .......... .......... .......... 22%  174M 0s
Mar  5 15:17:15 ip-10-1-33-84 [eb-cfn-init]:  4450K .......... .......... .......... .......... .......... 22%  176M 0s
Mar  5 15:17:15 ip-10-1-33-84 [eb-cfn-init]:  4500K .......... .......... .......... .......... .......... 22%  204M 0s
Mar  5 15:17:15 ip-10-1-33-84 [eb-cfn-init]:  4550K .......... .......... .......... .......... .......... 22% 52.0M 0s
Mar  5 15:17:15 ip-10-1-33-84 [eb-cfn-init]:  4600K .......... .......... .......... .......... .......... 23% 32.0M 0s
Mar  5 15:17:15 ip-10-1-33-84 [eb-cfn-init]:  4650K .......... .......... .......... .......... .......... 23%  226M 0s
Mar  5 15:17:15 ip-10-1-33-84 [eb-cfn-init]:  4700K .......... .......... .......... .......... .......... 23%  203M 0s
Mar  5 15:17:15 ip-10-1-33-84 [eb-cfn-init]:  4750K .......... .......... .......... .......... .......... 23%  172M 0s
Mar  5 15:17:15 ip-10-1-33-84 [eb-cfn-init]:  4800K .......... .......... .......... .......... .......... 24%  183M 0s
Mar  5 15:17:15 ip-10-1-33-84 [eb-cfn-init]:  4850K .......... .......... .......... .......... .......... 24%  200M 0s
Mar  5 15:17:15 ip-10-1-33-84 [eb-cfn-init]:  4900K .......... .......... .......... .......... .......... 24%  217M 0s
Mar  5 15:17:15 ip-10-1-33-84 [eb-cfn-init]:  4950K .......... .......... .......... .......... .......... 24%  234M 0s
Mar  5 15:17:15 ip-10-1-33-84 [eb-cfn-init]:  5000K .......... .......... .......... .......... .......... 25%  210M 0s
Mar  5 15:17:15 ip-10-1-33-84 [eb-cfn-init]:  5050K .......... .......... .......... .......... .......... 25%  180M 0s
Mar  5 15:17:15 ip-10-1-33-84 [eb-cfn-init]:  5100K .......... .......... .......... .......... .......... 25%  189M 0s
Mar  5 15:17:15 ip-10-1-33-84 [eb-cfn-init]:  5150K .......... .......... .......... .......... .......... 25%  208M 0s
Mar  5 15:17:15 ip-10-1-33-84 [eb-cfn-init]:  5200K .......... .......... .......... .......... .......... 26%  191M 0s
Mar  5 15:17:15 ip-10-1-33-84 [eb-cfn-init]:  5250K .......... .......... .......... .......... .......... 26%  205M 0s
Mar  5 15:17:15 ip-10-1-33-84 [eb-cfn-init]:  5300K .......... .......... .......... .......... .......... 26%  212M 0s
Mar  5 15:17:15 ip-10-1-33-84 [eb-cfn-init]:  5350K .......... .......... .......... .......... .......... 26%  225M 0s
Mar  5 15:17:15 ip-10-1-33-84 [eb-cfn-init]:  5400K .......... .......... .......... .......... .......... 27%  207M 0s
Mar  5 15:17:15 ip-10-1-33-84 [eb-cfn-init]:  5450K .......... .......... .......... .......... .......... 27%  202M 0s
Mar  5 15:17:15 ip-10-1-33-84 [eb-cfn-init]:  5500K .......... .......... .......... .......... .......... 27%  190M 0s
Mar  5 15:17:15 ip-10-1-33-84 [eb-cfn-init]:  5550K .......... .......... .......... .......... .......... 27%  170M 0s
Mar  5 15:17:15 ip-10-1-33-84 [eb-cfn-init]:  5600K .......... .......... .......... .......... .......... 28%  197M 0s
Mar  5 15:17:15 ip-10-1-33-84 [eb-cfn-init]:  5650K .......... .......... .......... .......... .......... 28%  190M 0s
Mar  5 15:17:15 ip-10-1-33-84 [eb-cfn-init]:  5700K .......... .......... .......... .......... .......... 28%  194M 0s
Mar  5 15:17:15 ip-10-1-33-84 [eb-cfn-init]:  5750K .......... .......... .......... .......... .......... 28%  240M 0s
Mar  5 15:17:15 ip-10-1-33-84 [eb-cfn-init]:  5800K .......... .......... .......... .......... .......... 29%  204M 0s
Mar  5 15:17:15 ip-10-1-33-84 [eb-cfn-init]:  5850K .......... .......... .......... .......... .......... 29%  191M 0s
Mar  5 15:17:15 ip-10-1-33-84 [eb-cfn-init]:  5900K .......... .......... .......... .......... .......... 29%  184M 0s
Mar  5 15:17:15 ip-10-1-33-84 [eb-cfn-init]:  5950K .......... .......... .......... .......... .......... 29%  179M 0s
Mar  5 15:17:15 ip-10-1-33-84 [eb-cfn-init]:  6000K .......... .......... .......... .......... .......... 30%  192M 0s
Mar  5 15:17:15 ip-10-1-33-84 [eb-cfn-init]:  6050K .......... .......... .......... .......... .......... 30%  208M 0s
Mar  5 15:17:15 ip-10-1-33-84 [eb-cfn-init]:  6100K .......... .......... .......... .......... .......... 30%  194M 0s
Mar  5 15:17:15 ip-10-1-33-84 [eb-cfn-init]:  6150K .......... .......... .......... .......... .......... 30%  178M 0s
Mar  5 15:17:15 ip-10-1-33-84 [eb-cfn-init]:  6200K .......... .......... .......... .......... .......... 31%  203M 0s
Mar  5 15:17:15 ip-10-1-33-84 [eb-cfn-init]:  6250K .......... .......... .......... .......... .......... 31%  191M 0s
Mar  5 15:17:15 ip-10-1-33-84 [eb-cfn-init]:  6300K .......... .......... .......... .......... .......... 31%  172M 0s
Mar  5 15:17:15 ip-10-1-33-84 [eb-cfn-init]:  6350K .......... .......... .......... .......... .......... 31%  183M 0s
Mar  5 15:17:15 ip-10-1-33-84 [eb-cfn-init]:  6400K .......... .......... .......... .......... .......... 32%  178M 0s
Mar  5 15:17:15 ip-10-1-33-84 [eb-cfn-init]:  6450K .......... .......... .......... .......... .......... 32%  182M 0s
Mar  5 15:17:15 ip-10-1-33-84 [eb-cfn-init]:  6500K .......... .......... .......... .......... .......... 32%  183M 0s
Mar  5 15:17:15 ip-10-1-33-84 [eb-cfn-init]:  6550K .......... .......... .......... .......... .......... 32%  180M 0s
Mar  5 15:17:15 ip-10-1-33-84 [eb-cfn-init]:  6600K .......... .......... .......... .......... .......... 33%  193M 0s
Mar  5 15:17:15 ip-10-1-33-84 [eb-cfn-init]:  6650K .......... .......... .......... .......... .......... 33%  186M 0s
Mar  5 15:17:15 ip-10-1-33-84 [eb-cfn-init]:  6700K .......... .......... .......... .......... .......... 33%  183M 0s
Mar  5 15:17:15 ip-10-1-33-84 [eb-cfn-init]:  6750K .......... .......... .......... .......... .......... 33%  199M 0s
Mar  5 15:17:15 ip-10-1-33-84 [eb-cfn-init]:  6800K .......... .......... .......... .......... .......... 34%  179M 0s
Mar  5 15:17:15 ip-10-1-33-84 [eb-cfn-init]:  6850K .......... .......... .......... .......... .......... 34%  183M 0s
Mar  5 15:17:15 ip-10-1-33-84 [eb-cfn-init]:  6900K .......... .......... .......... .......... .......... 34%  206M 0s
Mar  5 15:17:15 ip-10-1-33-84 [eb-cfn-init]:  6950K .......... .......... .......... .......... .......... 34%  188M 0s
Mar  5 15:17:15 ip-10-1-33-84 [eb-cfn-init]:  7000K .......... .......... .......... .......... .......... 35%  197M 0s
Mar  5 15:17:15 ip-10-1-33-84 [eb-cfn-init]:  7050K .......... .......... .......... .......... .......... 35%  246M 0s
Mar  5 15:17:15 ip-10-1-33-84 [eb-cfn-init]:  7100K .......... .......... .......... .......... .......... 35%  174M 0s
Mar  5 15:17:15 ip-10-1-33-84 [eb-cfn-init]:  7150K .......... .......... .......... .......... .......... 35%  170M 0s
Mar  5 15:17:15 ip-10-1-33-84 [eb-cfn-init]:  7200K .......... .......... .......... .......... .......... 36%  190M 0s
Mar  5 15:17:15 ip-10-1-33-84 [eb-cfn-init]:  7250K .......... .......... .......... .......... .......... 36%  200M 0s
Mar  5 15:17:15 ip-10-1-33-84 [eb-cfn-init]:  7300K .......... .......... .......... .......... .......... 36%  187M 0s
Mar  5 15:17:15 ip-10-1-33-84 [eb-cfn-init]:  7350K .......... .......... .......... .......... .......... 36%  173M 0s
Mar  5 15:17:15 ip-10-1-33-84 [eb-cfn-init]:  7400K .......... .......... .......... .......... .......... 37%  174M 0s
Mar  5 15:17:15 ip-10-1-33-84 [eb-cfn-init]:  7450K .......... .......... .......... .......... .......... 37%  195M 0s
Mar  5 15:17:15 ip-10-1-33-84 [eb-cfn-init]:  7500K .......... .......... .......... .......... .......... 37%  223M 0s
Mar  5 15:17:15 ip-10-1-33-84 [eb-cfn-init]:  7550K .......... .......... .......... .......... .......... 37%  154M 0s
Mar  5 15:17:15 ip-10-1-33-84 [eb-cfn-init]:  7600K .......... .......... .......... .......... .......... 38%  196M 0s
Mar  5 15:17:15 ip-10-1-33-84 [eb-cfn-init]:  7650K .......... .......... .......... .......... .......... 38%  175M 0s
Mar  5 15:17:15 ip-10-1-33-84 [eb-cfn-init]:  7700K .......... .......... .......... .......... .......... 38%  182M 0s
Mar  5 15:17:15 ip-10-1-33-84 [eb-cfn-init]:  7750K .......... .......... .......... .......... .......... 38%  154M 0s
Mar  5 15:17:15 ip-10-1-33-84 [eb-cfn-init]:  7800K .......... .......... .......... .......... .......... 39%  173M 0s
Mar  5 15:17:15 ip-10-1-33-84 [eb-cfn-init]:  7850K .......... .......... .......... .......... .......... 39%  158M 0s
Mar  5 15:17:15 ip-10-1-33-84 [eb-cfn-init]:  7900K .......... .......... .......... .......... .......... 39%  197M 0s
Mar  5 15:17:15 ip-10-1-33-84 [eb-cfn-init]:  7950K .......... .......... .......... .......... .......... 39%  177M 0s
Mar  5 15:17:15 ip-10-1-33-84 [eb-cfn-init]:  8000K .......... .......... .......... .......... .......... 40%  153M 0s
Mar  5 15:17:15 ip-10-1-33-84 [eb-cfn-init]:  8050K .......... .......... .......... .......... .......... 40%  189M 0s
Mar  5 15:17:15 ip-10-1-33-84 [eb-cfn-init]:  8100K .......... .......... .......... .......... .......... 40% 20.5M 0s
Mar  5 15:17:15 ip-10-1-33-84 [eb-cfn-init]:  8150K .......... .......... .......... .......... .......... 40%  185M 0s
Mar  5 15:17:15 ip-10-1-33-84 [eb-cfn-init]:  8200K .......... .......... .......... .......... .......... 41%  286M 0s
Mar  5 15:17:15 ip-10-1-33-84 [eb-cfn-init]:  8250K .......... .......... .......... .......... .......... 41%  255M 0s
Mar  5 15:17:15 ip-10-1-33-84 [eb-cfn-init]:  8300K .......... .......... .......... .......... .......... 41%  201M 0s
Mar  5 15:17:15 ip-10-1-33-84 [eb-cfn-init]:  8350K .......... .......... .......... .......... .......... 41%  226M 0s
Mar  5 15:17:15 ip-10-1-33-84 [eb-cfn-init]:  8400K .......... .......... .......... .......... .......... 42%  196M 0s
Mar  5 15:17:15 ip-10-1-33-84 [eb-cfn-init]:  8450K .......... .......... .......... .......... .......... 42%  186M 0s
Mar  5 15:17:15 ip-10-1-33-84 [eb-cfn-init]:  8500K .......... .......... .......... .......... .......... 42%  178M 0s
Mar  5 15:17:15 ip-10-1-33-84 [eb-cfn-init]:  8550K .......... .......... .......... .......... .......... 42%  195M 0s
Mar  5 15:17:15 ip-10-1-33-84 [eb-cfn-init]:  8600K .......... .......... .......... .......... .......... 43%  210M 0s
Mar  5 15:17:15 ip-10-1-33-84 [eb-cfn-init]:  8650K .......... .......... .......... .......... .......... 43%  193M 0s
Mar  5 15:17:15 ip-10-1-33-84 [eb-cfn-init]:  8700K .......... .......... .......... .......... .......... 43%  183M 0s
Mar  5 15:17:15 ip-10-1-33-84 [eb-cfn-init]:  8750K .......... .......... .......... .......... .......... 43%  200M 0s
Mar  5 15:17:15 ip-10-1-33-84 [eb-cfn-init]:  8800K .......... .......... .......... .......... .......... 44%  188M 0s
Mar  5 15:17:15 ip-10-1-33-84 [eb-cfn-init]:  8850K .......... .......... .......... .......... .......... 44%  188M 0s
Mar  5 15:17:15 ip-10-1-33-84 [eb-cfn-init]:  8900K .......... .......... .......... .......... .......... 44%  186M 0s
Mar  5 15:17:15 ip-10-1-33-84 [eb-cfn-init]:  8950K .......... .......... .......... .......... .......... 44%  192M 0s
Mar  5 15:17:15 ip-10-1-33-84 [eb-cfn-init]:  9000K .......... .......... .......... .......... .......... 45%  181M 0s
Mar  5 15:17:15 ip-10-1-33-84 [eb-cfn-init]:  9050K .......... .......... .......... .......... .......... 45%  185M 0s
Mar  5 15:17:15 ip-10-1-33-84 [eb-cfn-init]:  9100K .......... .......... .......... .......... .......... 45%  192M 0s
Mar  5 15:17:15 ip-10-1-33-84 [eb-cfn-init]:  9150K .......... .......... .......... .......... .......... 45%  210M 0s
Mar  5 15:17:15 ip-10-1-33-84 [eb-cfn-init]:  9200K .......... .......... .......... .......... .......... 46%  225M 0s
Mar  5 15:17:15 ip-10-1-33-84 [eb-cfn-init]:  9250K .......... .......... .......... .......... .......... 46%  204M 0s
Mar  5 15:17:15 ip-10-1-33-84 [eb-cfn-init]:  9300K .......... .......... .......... .......... .......... 46%  196M 0s
Mar  5 15:17:15 ip-10-1-33-84 [eb-cfn-init]:  9350K .......... .......... .......... .......... .......... 46%  183M 0s
Mar  5 15:17:15 ip-10-1-33-84 [eb-cfn-init]:  9400K .......... .......... .......... .......... .......... 47%  179M 0s
Mar  5 15:17:15 ip-10-1-33-84 [eb-cfn-init]:  9450K .......... .......... .......... .......... .......... 47%  213M 0s
Mar  5 15:17:15 ip-10-1-33-84 [eb-cfn-init]:  9500K .......... .......... .......... .......... .......... 47%  189M 0s
Mar  5 15:17:15 ip-10-1-33-84 [eb-cfn-init]:  9550K .......... .......... .......... .......... .......... 47%  200M 0s
Mar  5 15:17:15 ip-10-1-33-84 [eb-cfn-init]:  9600K .......... .......... .......... .......... .......... 48%  208M 0s
Mar  5 15:17:15 ip-10-1-33-84 [eb-cfn-init]:  9650K .......... .......... .......... .......... .......... 48%  194M 0s
Mar  5 15:17:15 ip-10-1-33-84 [eb-cfn-init]:  9700K .......... .......... .......... .......... .......... 48%  201M 0s
Mar  5 15:17:15 ip-10-1-33-84 [eb-cfn-init]:  9750K .......... .......... .......... .......... .......... 48%  184M 0s
Mar  5 15:17:15 ip-10-1-33-84 [eb-cfn-init]:  9800K .......... .......... .......... .......... .......... 49%  210M 0s
Mar  5 15:17:15 ip-10-1-33-84 [eb-cfn-init]:  9850K .......... .......... .......... .......... .......... 49%  194M 0s
Mar  5 15:17:15 ip-10-1-33-84 [eb-cfn-init]:  9900K .......... .......... .......... .......... .......... 49%  200M 0s
Mar  5 15:17:15 ip-10-1-33-84 [eb-cfn-init]:  9950K .......... .......... .......... .......... .......... 49%  216M 0s
Mar  5 15:17:15 ip-10-1-33-84 [eb-cfn-init]: 10000K .......... .......... .......... .......... .......... 50%  225M 0s
Mar  5 15:17:15 ip-10-1-33-84 [eb-cfn-init]: 10050K .......... .......... .......... .......... .......... 50%  218M 0s
Mar  5 15:17:15 ip-10-1-33-84 [eb-cfn-init]: 10100K .......... .......... .......... .......... .......... 50%  189M 0s
Mar  5 15:17:15 ip-10-1-33-84 [eb-cfn-init]: 10150K .......... .......... .......... .......... .......... 50%  197M 0s
Mar  5 15:17:15 ip-10-1-33-84 [eb-cfn-init]: 10200K .......... .......... .......... .......... .......... 51%  195M 0s
Mar  5 15:17:15 ip-10-1-33-84 [eb-cfn-init]: 10250K .......... .......... .......... .......... .......... 51%  187M 0s
Mar  5 15:17:15 ip-10-1-33-84 [eb-cfn-init]: 10300K .......... .......... .......... .......... .......... 51%  182M 0s
Mar  5 15:17:15 ip-10-1-33-84 [eb-cfn-init]: 10350K .......... .......... .......... .......... .......... 51%  186M 0s
Mar  5 15:17:15 ip-10-1-33-84 [eb-cfn-init]: 10400K .......... .......... .......... .......... .......... 52%  182M 0s
Mar  5 15:17:15 ip-10-1-33-84 [eb-cfn-init]: 10450K .......... .......... .......... .......... .......... 52%  179M 0s
Mar  5 15:17:15 ip-10-1-33-84 [eb-cfn-init]: 10500K .......... .......... .......... .......... .......... 52%  193M 0s
Mar  5 15:17:15 ip-10-1-33-84 [eb-cfn-init]: 10550K .......... .......... .......... .......... .......... 52%  169M 0s
Mar  5 15:17:15 ip-10-1-33-84 [eb-cfn-init]: 10600K .......... .......... .......... .......... .......... 53%  201M 0s
Mar  5 15:17:15 ip-10-1-33-84 [eb-cfn-init]: 10650K .......... .......... .......... .......... .......... 53%  178M 0s
Mar  5 15:17:15 ip-10-1-33-84 [eb-cfn-init]: 10700K .......... .......... .......... .......... .......... 53%  195M 0s
Mar  5 15:17:15 ip-10-1-33-84 [eb-cfn-init]: 10750K .......... .......... .......... .......... .......... 53%  177M 0s
Mar  5 15:17:15 ip-10-1-33-84 [eb-cfn-init]: 10800K .......... .......... .......... .......... .......... 54%  189M 0s
Mar  5 15:17:15 ip-10-1-33-84 [eb-cfn-init]: 10850K .......... .......... .......... .......... .......... 54%  199M 0s
Mar  5 15:17:15 ip-10-1-33-84 [eb-cfn-init]: 10900K .......... .......... .......... .......... .......... 54%  220M 0s
Mar  5 15:17:15 ip-10-1-33-84 [eb-cfn-init]: 10950K .......... .......... .......... .......... .......... 54%  191M 0s
Mar  5 15:17:15 ip-10-1-33-84 [eb-cfn-init]: 11000K .......... .......... .......... .......... .......... 55%  188M 0s
Mar  5 15:17:15 ip-10-1-33-84 [eb-cfn-init]: 11050K .......... .......... .......... .......... .......... 55%  202M 0s
Mar  5 15:17:15 ip-10-1-33-84 [eb-cfn-init]: 11100K .......... .......... .......... .......... .......... 55%  182M 0s
Mar  5 15:17:15 ip-10-1-33-84 [eb-cfn-init]: 11150K .......... .......... .......... .......... .......... 55%  194M 0s
Mar  5 15:17:15 ip-10-1-33-84 [eb-cfn-init]: 11200K .......... .......... .......... .......... .......... 56%  205M 0s
Mar  5 15:17:15 ip-10-1-33-84 [eb-cfn-init]: 11250K .......... .......... .......... .......... .......... 56%  233M 0s
Mar  5 15:17:15 ip-10-1-33-84 [eb-cfn-init]: 11300K .......... .......... .......... .......... .......... 56%  215M 0s
Mar  5 15:17:15 ip-10-1-33-84 [eb-cfn-init]: 11350K .......... .......... .......... .......... .......... 56%  201M 0s
Mar  5 15:17:15 ip-10-1-33-84 [eb-cfn-init]: 11400K .......... .......... .......... .......... .......... 57%  194M 0s
Mar  5 15:17:15 ip-10-1-33-84 [eb-cfn-init]: 11450K .......... .......... .......... .......... .......... 57%  185M 0s
Mar  5 15:17:15 ip-10-1-33-84 [eb-cfn-init]: 11500K .......... .......... .......... .......... .......... 57%  187M 0s
Mar  5 15:17:15 ip-10-1-33-84 [eb-cfn-init]: 11550K .......... .......... .......... .......... .......... 57%  205M 0s
Mar  5 15:17:15 ip-10-1-33-84 [eb-cfn-init]: 11600K .......... .......... .......... .......... .......... 58%  188M 0s
Mar  5 15:17:15 ip-10-1-33-84 [eb-cfn-init]: 11650K .......... .......... .......... .......... .......... 58%  168M 0s
Mar  5 15:17:15 ip-10-1-33-84 [eb-cfn-init]: 11700K .......... .......... .......... .......... .......... 58% 22.6M 0s
Mar  5 15:17:15 ip-10-1-33-84 [eb-cfn-init]: 11750K .......... .......... .......... .......... .......... 58%  185M 0s
Mar  5 15:17:15 ip-10-1-33-84 [eb-cfn-init]: 11800K .......... .......... .......... .......... .......... 59%  203M 0s
Mar  5 15:17:15 ip-10-1-33-84 [eb-cfn-init]: 11850K .......... .......... .......... .......... .......... 59% 34.2M 0s
Mar  5 15:17:15 ip-10-1-33-84 [eb-cfn-init]: 11900K .......... .......... .......... .......... .......... 59% 53.2M 0s
Mar  5 15:17:15 ip-10-1-33-84 [eb-cfn-init]: 11950K .......... .......... .......... .......... .......... 59% 55.4M 0s
Mar  5 15:17:15 ip-10-1-33-84 [eb-cfn-init]: 12000K .......... .......... .......... .......... .......... 60% 43.3M 0s
Mar  5 15:17:15 ip-10-1-33-84 [eb-cfn-init]: 12050K .......... .......... .......... .......... .......... 60%  127M 0s
Mar  5 15:17:15 ip-10-1-33-84 [eb-cfn-init]: 12100K .......... .......... .......... .......... .......... 60%  245M 0s
Mar  5 15:17:15 ip-10-1-33-84 [eb-cfn-init]: 12150K .......... .......... .......... .......... .......... 60%  281M 0s
Mar  5 15:17:15 ip-10-1-33-84 [eb-cfn-init]: 12200K .......... .......... .......... .......... .......... 61%  279M 0s
Mar  5 15:17:15 ip-10-1-33-84 [eb-cfn-init]: 12250K .......... .......... .......... .......... .......... 61%  352M 0s
Mar  5 15:17:15 ip-10-1-33-84 [eb-cfn-init]: 12300K .......... .......... .......... .......... .......... 61%  275M 0s
Mar  5 15:17:15 ip-10-1-33-84 [eb-cfn-init]: 12350K .......... .......... .......... .......... .......... 61%  235M 0s
Mar  5 15:17:15 ip-10-1-33-84 [eb-cfn-init]: 12400K .......... .......... .......... .......... .......... 62%  266M 0s
Mar  5 15:17:15 ip-10-1-33-84 [eb-cfn-init]: 12450K .......... .......... .......... .......... .......... 62%  302M 0s
Mar  5 15:17:15 ip-10-1-33-84 [eb-cfn-init]: 12500K .......... .......... .......... .......... .......... 62%  283M 0s
Mar  5 15:17:15 ip-10-1-33-84 [eb-cfn-init]: 12550K .......... .......... .......... .......... .......... 62%  303M 0s
Mar  5 15:17:15 ip-10-1-33-84 [eb-cfn-init]: 12600K .......... .......... .......... .......... .......... 63%  271M 0s
Mar  5 15:17:15 ip-10-1-33-84 [eb-cfn-init]: 12650K .......... .......... .......... .......... .......... 63%  281M 0s
Mar  5 15:17:15 ip-10-1-33-84 [eb-cfn-init]: 12700K .......... .......... .......... .......... .......... 63%  282M 0s
Mar  5 15:17:15 ip-10-1-33-84 [eb-cfn-init]: 12750K .......... .......... .......... .......... .......... 63%  255M 0s
